2026-04-16 11:05:52 [INFO ] [SERVER] Web3 Giảng Viên API running on port 5000
2026-04-16 11:06:00 [INFO ] [SERVER] Web3 Giảng Viên API running on port 5000
2026-04-16 11:06:01 [INFO ] [DB] MongoDB Connected: cluster0-shard-00-00.2sa07.mongodb.net
2026-04-16 11:06:21 [INFO ] [SERVER] Web3 Giảng Viên API running on port 5000
2026-04-16 11:06:22 [INFO ] [DB] MongoDB Connected: cluster0-shard-00-00.2sa07.mongodb.net
2026-04-16 11:06:50 [INFO ] [SERVER] Web3 Giảng Viên API running on port 5000
2026-04-16 11:06:51 [INFO ] [DB] MongoDB Connected: cluster0-shard-00-00.2sa07.mongodb.net
2026-04-16 11:07:12 [INFO ] [SERVER] Web3 Giảng Viên API running on port 5000
2026-04-16 11:07:12 [INFO ] [DB] MongoDB Connected: cluster0-shard-00-00.2sa07.mongodb.net
2026-04-16 11:07:24 [INFO ] [SERVER] Web3 Giảng Viên API running on port 5000
2026-04-16 11:07:25 [INFO ] [DB] MongoDB Connected: cluster0-shard-00-01.2sa07.mongodb.net
2026-04-16 11:07:44 [INFO ] [SERVER] Web3 Giảng Viên API running on port 5000
2026-04-16 11:07:45 [INFO ] [DB] MongoDB Connected: cluster0-shard-00-00.2sa07.mongodb.net
2026-04-16 11:08:26 [INFO ] [SERVER] Web3 Giảng Viên API running on port 5000
2026-04-16 11:08:26 [INFO ] [DB] MongoDB Connected: cluster0-shard-00-01.2sa07.mongodb.net
2026-04-16 11:18:41 [INFO ] [SERVER] Web3 Giảng Viên API running on port 5000
2026-04-16 11:18:41 [INFO ] [DB] MongoDB Connected: cluster0-shard-00-01.2sa07.mongodb.net
2026-04-16 11:18:52 [INFO ] [HTTP] GET /api/tiendo/69d74acd8ff67276cc1d83fa 304 - - 134.635 ms
2026-04-16 11:18:53 [INFO ] [HTTP] GET /api/dangky/sinhvien/69d74acd8ff67276cc1d83fa 304 - - 143.101 ms
2026-04-16 11:18:53 [INFO ] [HTTP] GET /api/tiendo/69d74acd8ff67276cc1d83fa 304 - - 98.532 ms
2026-04-16 11:18:53 [INFO ] [HTTP] GET /api/dangky/sinhvien/69d74acd8ff67276cc1d83fa 304 - - 126.595 ms
2026-04-16 11:19:03 [INFO ] [HTTP] GET /api/sinhvien/69d74acd8ff67276cc1d83fa 304 - - 49.836 ms
2026-04-16 11:19:03 [INFO ] [HTTP] GET /api/sinhvien/69d74acd8ff67276cc1d83fa 304 - - 50.716 ms
2026-04-16 11:19:03 [INFO ] [HTTP] GET /api/detai/invitations/69d74acd8ff67276cc1d83fa 304 - - 50.271 ms
2026-04-16 11:19:03 [INFO ] [HTTP] GET /api/detai/invitations/69d74acd8ff67276cc1d83fa 304 - - 48.888 ms
2026-04-16 11:19:03 [INFO ] [HTTP] GET /api/dangky/sinhvien/69d74acd8ff67276cc1d83fa 304 - - 102.652 ms
2026-04-16 11:19:04 [INFO ] [HTTP] GET /api/diemso/sinhvien/69d74acd8ff67276cc1d83fa 304 - - 46.999 ms
2026-04-16 11:19:04 [INFO ] [HTTP] GET /api/dangky/sinhvien/69d74acd8ff67276cc1d83fa 304 - - 98.073 ms
2026-04-16 11:19:04 [INFO ] [HTTP] GET /api/diemso/sinhvien/69d74acd8ff67276cc1d83fa 304 - - 50.415 ms
2026-04-16 11:19:06 [INFO ] [HTTP] POST /api/auth/challenge 200 312 - 5.336 ms
2026-04-16 11:19:07 [INFO ] [HTTP] POST /api/auth/verify 200 515 - 118.780 ms
2026-04-16 11:19:12 [INFO ] [HTTP] GET /api/baocao/giangvien/69cab756026550c0e19d57ac 304 - - 304.817 ms
2026-04-16 11:19:12 [INFO ] [HTTP] GET /api/baocao/giangvien/69cab756026550c0e19d57ac 304 - - 298.584 ms
2026-04-16 11:19:13 [INFO ] [HTTP] GET /api/detai 304 - - 112.670 ms
2026-04-16 11:19:13 [INFO ] [HTTP] GET /api/detai 304 - - 103.656 ms
2026-04-16 11:19:13 [INFO ] [HTTP] GET /api/dangky/giangvien/69cab756026550c0e19d57ac 304 - - 154.360 ms
2026-04-16 11:19:13 [INFO ] [HTTP] GET /api/rubrics/giangvien/69cab756026550c0e19d57ac 304 - - 51.723 ms
2026-04-16 11:19:14 [INFO ] [HTTP] GET /api/dangky/giangvien/69cab756026550c0e19d57ac 304 - - 152.377 ms
2026-04-16 11:19:14 [INFO ] [HTTP] GET /api/rubrics/giangvien/69cab756026550c0e19d57ac 304 - - 48.639 ms
2026-04-16 11:19:37 [INFO ] [HTTP] GET /api/detai 304 - - 107.513 ms
2026-04-16 11:19:37 [INFO ] [HTTP] GET /api/dangky/giangvien/69cab756026550c0e19d57ac 304 - - 159.112 ms
2026-04-16 11:19:37 [INFO ] [HTTP] GET /api/rubrics/giangvien/69cab756026550c0e19d57ac 304 - - 50.767 ms
2026-04-16 11:20:32 [INFO ] [HTTP] GET /api/detai 304 - - 126.030 ms
2026-04-16 11:20:32 [INFO ] [HTTP] GET /api/detai 304 - - 99.694 ms
2026-04-16 11:20:32 [INFO ] [HTTP] GET /api/dangky/giangvien/69cab756026550c0e19d57ac 304 - - 150.187 ms
2026-04-16 11:20:32 [INFO ] [HTTP] GET /api/rubrics/giangvien/69cab756026550c0e19d57ac 304 - - 51.910 ms
2026-04-16 11:20:32 [INFO ] [HTTP] GET /api/dangky/giangvien/69cab756026550c0e19d57ac 304 - - 153.109 ms
2026-04-16 11:20:32 [INFO ] [HTTP] GET /api/rubrics/giangvien/69cab756026550c0e19d57ac 304 - - 48.739 ms
2026-04-16 11:22:26 [INFO ] [HTTP] GET /api/detai 200 6332 - 112.503 ms
2026-04-16 11:22:27 [INFO ] [HTTP] GET /api/dangky/giangvien/69cab756026550c0e19d57ac 200 2982 - 173.058 ms
2026-04-16 11:22:27 [INFO ] [HTTP] GET /api/rubrics/giangvien/69cab756026550c0e19d57ac 200 2 - 52.632 ms
2026-04-16 11:22:50 [INFO ] [HTTP] GET /api/detai 200 6332 - 104.526 ms
2026-04-16 11:22:50 [INFO ] [HTTP] GET /api/dangky/giangvien/69cab756026550c0e19d57ac 200 2982 - 165.189 ms
2026-04-16 11:22:50 [INFO ] [HTTP] GET /api/rubrics/giangvien/69cab756026550c0e19d57ac 200 2 - 49.695 ms
2026-04-16 11:25:22 [INFO ] [SERVER] Web3 Giảng Viên API running on port 5000
2026-04-16 11:25:22 [INFO ] [DB] MongoDB Connected: cluster0-shard-00-01.2sa07.mongodb.net
2026-04-18 11:32:45 [INFO ] [SERVER] Web3 Giảng Viên API running on port 5000
2026-04-18 11:32:46 [INFO ] [DB] MongoDB Connected: cluster0-shard-00-01.2sa07.mongodb.net
2026-04-18 11:34:03 [INFO ] [HTTP] GET /api/baocao/giangvien/69cab756026550c0e19d57ac 200 6774 - 440.122 ms
2026-04-18 11:34:03 [INFO ] [HTTP] GET /api/baocao/giangvien/69cab756026550c0e19d57ac 304 - - 331.141 ms
2026-04-18 11:34:05 [INFO ] [HTTP] GET /api/detai 200 6332 - 108.565 ms
2026-04-18 11:34:05 [INFO ] [HTTP] GET /api/detai 304 - - 112.768 ms
2026-04-18 11:34:05 [INFO ] [HTTP] GET /api/dangky/giangvien/69cab756026550c0e19d57ac 200 2982 - 151.627 ms
2026-04-18 11:34:05 [INFO ] [HTTP] GET /api/rubrics/giangvien/69cab756026550c0e19d57ac 200 2 - 51.986 ms
2026-04-18 11:34:05 [INFO ] [HTTP] GET /api/dangky/giangvien/69cab756026550c0e19d57ac 304 - - 150.829 ms
2026-04-18 11:34:05 [INFO ] [HTTP] GET /api/rubrics/giangvien/69cab756026550c0e19d57ac 304 - - 53.836 ms
2026-04-18 12:17:56 [INFO ] [HTTP] GET /api/baocao/giangvien/69cab756026550c0e19d57ac 304 - - 362.294 ms
2026-04-18 12:17:57 [INFO ] [HTTP] GET /api/baocao/giangvien/69cab756026550c0e19d57ac 304 - - 296.842 ms
2026-04-18 12:17:58 [INFO ] [HTTP] GET /api/detai 304 - - 108.700 ms
2026-04-18 12:17:58 [INFO ] [HTTP] GET /api/detai 304 - - 125.979 ms
2026-04-18 12:17:58 [INFO ] [HTTP] GET /api/dangky/giangvien/69cab756026550c0e19d57ac 304 - - 172.108 ms
2026-04-18 12:17:59 [INFO ] [HTTP] GET /api/rubrics/giangvien/69cab756026550c0e19d57ac 304 - - 51.977 ms
2026-04-18 12:17:59 [INFO ] [HTTP] GET /api/dangky/giangvien/69cab756026550c0e19d57ac 304 - - 159.301 ms
2026-04-18 12:17:59 [INFO ] [HTTP] GET /api/rubrics/giangvien/69cab756026550c0e19d57ac 304 - - 53.135 ms
2026-04-18 12:17:59 [INFO ] [HTTP] GET /api/baocao/giangvien/69cab756026550c0e19d57ac 304 - - 301.936 ms
2026-04-18 12:17:59 [INFO ] [HTTP] GET /api/baocao/giangvien/69cab756026550c0e19d57ac 304 - - 302.424 ms
2026-04-18 12:18:05 [INFO ] [HTTP] GET /api/detai 304 - - 101.206 ms
2026-04-18 12:18:06 [INFO ] [HTTP] GET /api/detai 304 - - 100.841 ms
2026-04-18 12:18:06 [INFO ] [HTTP] GET /api/dangky/giangvien/69cab756026550c0e19d57ac 304 - - 147.088 ms
2026-04-18 12:18:06 [INFO ] [HTTP] GET /api/rubrics/giangvien/69cab756026550c0e19d57ac 304 - - 47.833 ms
2026-04-18 12:18:06 [INFO ] [HTTP] GET /api/dangky/giangvien/69cab756026550c0e19d57ac 304 - - 149.760 ms
2026-04-18 12:18:06 [INFO ] [HTTP] GET /api/rubrics/giangvien/69cab756026550c0e19d57ac 304 - - 53.940 ms
2026-04-18 12:18:07 [INFO ] [HTTP] GET /api/baocao/giangvien/69cab756026550c0e19d57ac 304 - - 333.347 ms
2026-04-18 12:18:07 [INFO ] [HTTP] GET /api/baocao/giangvien/69cab756026550c0e19d57ac 304 - - 325.228 ms
2026-04-18 12:18:08 [INFO ] [HTTP] GET /api/detai 304 - - 107.092 ms
2026-04-18 12:18:08 [INFO ] [HTTP] GET /api/detai 304 - - 128.367 ms
2026-04-18 12:18:08 [INFO ] [HTTP] GET /api/dangky/giangvien/69cab756026550c0e19d57ac 304 - - 171.273 ms
2026-04-18 12:18:09 [INFO ] [HTTP] GET /api/rubrics/giangvien/69cab756026550c0e19d57ac 304 - - 44.371 ms
2026-04-18 12:18:09 [INFO ] [HTTP] GET /api/dangky/giangvien/69cab756026550c0e19d57ac 304 - - 160.930 ms
2026-04-18 12:18:09 [INFO ] [HTTP] GET /api/rubrics/giangvien/69cab756026550c0e19d57ac 304 - - 64.906 ms
2026-04-18 12:18:16 [INFO ] [HTTP] GET /api/baocao/giangvien/69cab756026550c0e19d57ac 304 - - 315.875 ms
2026-04-18 12:18:17 [INFO ] [HTTP] GET /api/baocao/giangvien/69cab756026550c0e19d57ac 304 - - 289.575 ms
2026-04-18 12:18:20 [INFO ] [HTTP] GET /api/detai 304 - - 100.393 ms
2026-04-18 12:18:20 [INFO ] [HTTP] GET /api/detai 304 - - 96.249 ms
2026-04-18 12:18:20 [INFO ] [HTTP] GET /api/dangky/giangvien/69cab756026550c0e19d57ac 304 - - 149.627 ms
2026-04-18 12:18:21 [INFO ] [HTTP] GET /api/rubrics/giangvien/69cab756026550c0e19d57ac 304 - - 47.077 ms
2026-04-18 12:18:21 [INFO ] [HTTP] GET /api/dangky/giangvien/69cab756026550c0e19d57ac 304 - - 149.661 ms
2026-04-18 12:18:21 [INFO ] [HTTP] GET /api/rubrics/giangvien/69cab756026550c0e19d57ac 304 - - 46.484 ms
2026-04-18 13:35:41 [INFO ] [SERVER] Web3 Giảng Viên API running on port 5000
2026-04-18 13:35:42 [INFO ] [DB] MongoDB Connected: cluster0-shard-00-00.2sa07.mongodb.net
2026-04-18 13:38:29 [INFO ] [HTTP] GET /api/detai 200 6332 - 140.066 ms
2026-04-18 13:38:30 [INFO ] [HTTP] GET /api/detai 304 - - 102.057 ms
2026-04-18 13:38:30 [INFO ] [HTTP] GET /api/dangky/giangvien/69cab756026550c0e19d57ac 304 - - 163.612 ms
2026-04-18 13:38:30 [INFO ] [HTTP] GET /api/rubrics/giangvien/69cab756026550c0e19d57ac 304 - - 50.405 ms
2026-04-18 13:38:30 [INFO ] [HTTP] GET /api/dangky/giangvien/69cab756026550c0e19d57ac 304 - - 167.897 ms
2026-04-18 13:38:30 [INFO ] [HTTP] GET /api/rubrics/giangvien/69cab756026550c0e19d57ac 304 - - 50.384 ms
2026-04-18 13:38:30 [INFO ] [HTTP] GET /api/rubrics/giangvien/69cab756026550c0e19d57ac 304 - - 58.863 ms
2026-04-18 13:38:31 [INFO ] [HTTP] GET /api/rubrics/giangvien/69cab756026550c0e19d57ac 304 - - 56.360 ms
2026-04-18 13:38:32 [INFO ] [HTTP] GET /api/baocao/giangvien/69cab756026550c0e19d57ac 304 - - 331.937 ms
2026-04-18 13:38:32 [INFO ] [HTTP] GET /api/baocao/giangvien/69cab756026550c0e19d57ac 304 - - 357.645 ms
2026-04-18 13:38:34 [INFO ] [HTTP] GET /api/tiendo/69caa8b3a41aaa0486500709 200 11 - 50.006 ms
2026-04-18 13:38:37 [INFO ] [HTTP] GET /api/tiendo/69d74acd8ff67276cc1d83fa 200 772 - 104.887 ms
2026-04-18 13:39:06 [INFO ] [HTTP] GET /logoMain.svg 404 151 - 1.742 ms
2026-04-18 13:39:11 [INFO ] [HTTP] GET /logoMain.svg 404 151 - 0.731 ms
2026-04-18 13:39:20 [INFO ] [HTTP] POST /api/auth/challenge 200 312 - 2.898 ms
2026-04-18 13:39:25 [INFO ] [HTTP] GET /logoMain.svg 404 151 - 0.276 ms
2026-04-18 13:39:27 [INFO ] [HTTP] GET /logoMain.svg 404 151 - 0.298 ms
2026-04-18 13:39:28 [INFO ] [HTTP] POST /api/auth/challenge 200 312 - 0.872 ms
2026-04-18 13:39:58 [INFO ] [HTTP] GET /logoMain.svg 404 151 - 0.268 ms
2026-04-18 13:39:59 [INFO ] [HTTP] GET /logoMain.svg 404 151 - 0.257 ms
2026-04-18 13:40:01 [INFO ] [HTTP] POST /api/auth/challenge 200 312 - 1.359 ms
2026-04-18 13:40:09 [INFO ] [HTTP] GET /logoMain.svg 404 151 - 0.473 ms
2026-04-18 13:40:11 [INFO ] [HTTP] GET /logoMain.svg 404 151 - 0.735 ms
2026-04-18 13:40:16 [INFO ] [HTTP] GET /logoMain.svg 404 151 - 0.367 ms
2026-04-18 13:40:42 [INFO ] [HTTP] GET /logoMain.svg 404 151 - 0.251 ms
2026-04-18 13:40:49 [INFO ] [HTTP] GET /logoMain.svg 404 151 - 0.404 ms
2026-04-18 13:41:21 [INFO ] [HTTP] GET /logoMain.svg 404 151 - 0.340 ms
2026-04-18 13:41:23 [INFO ] [HTTP] POST /api/auth/challenge 200 312 - 0.631 ms
2026-04-18 13:41:34 [INFO ] [HTTP] POST /api/auth/challenge 200 312 - 1.829 ms
2026-04-18 13:41:39 [INFO ] [HTTP] POST /api/auth/verify 200 503 - 199.240 ms
2026-04-18 13:41:42 [INFO ] [HTTP] GET /api/sinhvien/69d74acd8ff67276cc1d83fa 200 368 - 68.910 ms
2026-04-18 13:41:42 [INFO ] [HTTP] GET /api/detai/invitations/69d74acd8ff67276cc1d83fa 200 2 - 59.736 ms
2026-04-18 13:41:42 [INFO ] [HTTP] GET /api/sinhvien/69d74acd8ff67276cc1d83fa 304 - - 64.441 ms
2026-04-18 13:41:42 [INFO ] [HTTP] GET /api/detai/invitations/69d74acd8ff67276cc1d83fa 304 - - 44.250 ms
2026-04-18 13:41:42 [INFO ] [HTTP] GET /api/dangky/sinhvien/69d74acd8ff67276cc1d83fa 200 1450 - 108.356 ms
2026-04-18 13:41:42 [INFO ] [HTTP] GET /api/diemso/sinhvien/69d74acd8ff67276cc1d83fa 200 2 - 50.607 ms
2026-04-18 13:41:42 [INFO ] [HTTP] GET /api/dangky/sinhvien/69d74acd8ff67276cc1d83fa 304 - - 105.714 ms
2026-04-18 13:41:43 [INFO ] [HTTP] GET /api/diemso/sinhvien/69d74acd8ff67276cc1d83fa 304 - - 59.289 ms
2026-04-18 13:41:45 [INFO ] [HTTP] GET /api/tiendo/69d74acd8ff67276cc1d83fa 200 772 - 115.668 ms
2026-04-18 13:41:45 [INFO ] [HTTP] GET /api/dangky/sinhvien/69d74acd8ff67276cc1d83fa 304 - - 122.198 ms
2026-04-18 13:41:45 [INFO ] [HTTP] GET /api/tiendo/69d74acd8ff67276cc1d83fa 304 - - 90.975 ms
2026-04-18 13:41:45 [INFO ] [HTTP] GET /api/dangky/sinhvien/69d74acd8ff67276cc1d83fa 304 - - 99.412 ms
2026-04-18 13:42:44 [INFO ] [HTTP] POST /api/tiendo 201 368 - 127.834 ms
2026-04-18 13:42:44 [INFO ] [HTTP] GET /api/tiendo/69d74acd8ff67276cc1d83fa 200 1145 - 108.526 ms
2026-04-18 13:42:44 [INFO ] [HTTP] GET /api/dangky/sinhvien/69d74acd8ff67276cc1d83fa 304 - - 115.264 ms
2026-04-18 13:42:57 [INFO ] [HTTP] POST /api/tiendo 201 347 - 132.257 ms
2026-04-18 13:42:57 [INFO ] [HTTP] GET /api/tiendo/69d74acd8ff67276cc1d83fa 200 1497 - 115.346 ms
2026-04-18 13:42:57 [INFO ] [HTTP] GET /api/dangky/sinhvien/69d74acd8ff67276cc1d83fa 304 - - 154.993 ms
2026-04-18 13:43:03 [INFO ] [HTTP] GET /api/tiendo/69d74acd8ff67276cc1d83fa 200 1497 - 104.394 ms
2026-04-18 13:43:18 [INFO ] [HTTP] PUT /api/tiendo/69e327e4d40da07a770e471b/nhanxet 200 403 - 66.329 ms
2026-04-18 13:43:20 [INFO ] [HTTP] PUT /api/tiendo/69e327f1d40da07a770e4727/nhanxet 200 382 - 55.480 ms
2026-04-18 13:44:23 [INFO ] [HTTP] GET /api/tiendo/69caa8b3a41aaa0486500709 304 - - 52.357 ms
2026-04-18 13:44:26 [INFO ] [HTTP] GET /api/tiendo/69d74acd8ff67276cc1d83fa 200 1589 - 105.249 ms
2026-04-18 13:44:48 [INFO ] [HTTP] GET /api/tiendo/69d74acd8ff67276cc1d83fa 304 - - 108.606 ms
2026-04-18 13:45:12 [INFO ] [HTTP] GET /api/tiendo/69d74acd8ff67276cc1d83fa 304 - - 107.661 ms
2026-04-18 13:46:01 [INFO ] [HTTP] GET /api/tiendo/69d74acd8ff67276cc1d83fa 304 - - 129.475 ms
2026-04-18 13:53:10 [INFO ] [AI] Report analysis requested | textLength=238
2026-04-18 13:53:10 [INFO ] [AI] Calling FastAPI /analyze-report | textLength=238
2026-04-18 13:53:11 [INFO ] [AI] Response received | score=6.31 | time=1269ms
2026-04-18 13:53:11 [INFO ] [AI] Report analysis completed | score=6.31
2026-04-18 13:53:11 [INFO ] [HTTP] POST /api/ai/analyze-report 200 281 - 1271.198 ms
2026-04-18 13:55:17 [INFO ] [SERVER] Web3 Giảng Viên API running on port 5000
2026-04-18 13:55:18 [INFO ] [DB] MongoDB Connected: cluster0-shard-00-01.2sa07.mongodb.net
2026-04-18 14:03:17 [INFO ] [SERVER] Web3 Giảng Viên API running on port 5000
2026-04-18 14:03:18 [INFO ] [DB] MongoDB Connected: cluster0-shard-00-02.2sa07.mongodb.net
2026-04-18 14:20:59 [INFO ] [HTTP] GET /api/detai 304 - - 140.548 ms
2026-04-18 14:20:59 [INFO ] [HTTP] GET /api/detai 304 - - 136.749 ms
2026-04-18 14:20:59 [INFO ] [HTTP] GET /api/dangky/giangvien/69cab756026550c0e19d57ac 304 - - 178.694 ms
2026-04-18 14:20:59 [INFO ] [HTTP] GET /api/rubrics/giangvien/69cab756026550c0e19d57ac 304 - - 69.913 ms
2026-04-18 14:20:59 [INFO ] [HTTP] GET /api/dangky/giangvien/69cab756026550c0e19d57ac 304 - - 164.406 ms
2026-04-18 14:20:59 [INFO ] [HTTP] GET /api/rubrics/giangvien/69cab756026550c0e19d57ac 304 - - 51.641 ms
2026-04-18 14:21:29 [INFO ] [HTTP] GET /api/baocao/giangvien/69cab756026550c0e19d57ac 304 - - 310.482 ms
2026-04-18 14:21:29 [INFO ] [HTTP] GET /api/baocao/giangvien/69cab756026550c0e19d57ac 304 - - 321.092 ms
2026-04-18 14:26:04 [INFO ] [HTTP] GET /api/dangky/sinhvien/69d74acd8ff67276cc1d83fa 304 - - 120.691 ms
2026-04-18 14:26:04 [INFO ] [HTTP] GET /api/diemso/sinhvien/69d74acd8ff67276cc1d83fa 304 - - 61.563 ms
2026-04-18 14:26:04 [INFO ] [HTTP] GET /api/baocao/sinhvien/69d74acd8ff67276cc1d83fa 200 15 - 56.696 ms
2026-04-18 14:26:04 [INFO ] [HTTP] GET /api/dangky/sinhvien/69d74acd8ff67276cc1d83fa 304 - - 127.634 ms
2026-04-18 14:26:04 [INFO ] [HTTP] GET /api/diemso/sinhvien/69d74acd8ff67276cc1d83fa 304 - - 65.797 ms
2026-04-18 14:26:04 [INFO ] [HTTP] GET /api/baocao/sinhvien/69d74acd8ff67276cc1d83fa 304 - - 74.832 ms
2026-04-18 14:26:07 [INFO ] [HTTP] GET /api/baocao/sinhvien/69d74acd8ff67276cc1d83fa 304 - - 51.715 ms
2026-04-18 14:26:07 [INFO ] [HTTP] GET /api/baocao/sinhvien/69d74acd8ff67276cc1d83fa 304 - - 48.738 ms
2026-04-18 14:26:07 [INFO ] [HTTP] GET /api/dangky/sinhvien/69d74acd8ff67276cc1d83fa 304 - - 106.631 ms
2026-04-18 14:26:07 [INFO ] [HTTP] GET /api/dangky/sinhvien/69d74acd8ff67276cc1d83fa 304 - - 106.803 ms
2026-04-18 14:43:29 [INFO ] [HTTP] GET /api/detai 304 - - 163.540 ms
2026-04-18 14:43:30 [INFO ] [HTTP] GET /api/detai 304 - - 131.591 ms
2026-04-18 14:43:30 [INFO ] [HTTP] GET /api/dangky/giangvien/69cab756026550c0e19d57ac 200 4705 - 255.805 ms
2026-04-18 14:43:30 [INFO ] [HTTP] GET /api/rubrics/giangvien/69cab756026550c0e19d57ac 304 - - 139.589 ms
2026-04-18 14:43:30 [INFO ] [HTTP] GET /api/dangky/giangvien/69cab756026550c0e19d57ac 304 - - 238.419 ms
2026-04-18 14:43:30 [INFO ] [HTTP] GET /api/rubrics/giangvien/69cab756026550c0e19d57ac 304 - - 193.742 ms
2026-04-18 14:43:39 [INFO ] [TOPIC] Registration 69e3348f50d3611f28cd1e3b rejected | topic=69d749c58ff67276cc1d839e
2026-04-18 14:43:39 [INFO ] [HTTP] PUT /api/dangky/69e3348f50d3611f28cd1e3b/approve 200 1456 - 224.012 ms
2026-04-18 14:43:39 [INFO ] [HTTP] GET /api/detai 304 - - 161.764 ms
2026-04-18 14:43:39 [INFO ] [HTTP] GET /api/dangky/giangvien/69cab756026550c0e19d57ac 200 4703 - 244.177 ms
2026-04-18 14:43:39 [INFO ] [HTTP] GET /api/rubrics/giangvien/69cab756026550c0e19d57ac 304 - - 59.248 ms
2026-04-18 14:58:39 [INFO ] [HTTP] GET /api/baocao/giangvien/69cab756026550c0e19d57ac 304 - - 322.840 ms
2026-04-18 14:58:39 [INFO ] [HTTP] GET /api/baocao/giangvien/69cab756026550c0e19d57ac 304 - - 301.816 ms
2026-04-18 14:58:42 [INFO ] [HTTP] GET /api/tiendo/69d74acd8ff67276cc1d83fa 304 - - 119.865 ms
2026-04-18 14:58:43 [INFO ] [HTTP] GET /api/tiendo/69d74acd8ff67276cc1d83fa 304 - - 112.576 ms
2026-04-18 14:58:52 [INFO ] [HTTP] GET /api/detai 200 7182 - 107.784 ms
2026-04-18 14:58:52 [INFO ] [HTTP] GET /api/detai 304 - - 107.954 ms
2026-04-18 14:58:52 [INFO ] [HTTP] GET /api/dangky/giangvien/69cab756026550c0e19d57ac 200 4029 - 152.820 ms
2026-04-18 14:58:52 [INFO ] [HTTP] GET /api/rubrics/giangvien/69cab756026550c0e19d57ac 304 - - 50.702 ms
2026-04-18 14:58:52 [INFO ] [HTTP] GET /api/dangky/giangvien/69cab756026550c0e19d57ac 304 - - 158.025 ms
2026-04-18 14:58:52 [INFO ] [HTTP] GET /api/rubrics/giangvien/69cab756026550c0e19d57ac 304 - - 50.140 ms
2026-04-18 15:52:35 [INFO ] [HTTP] GET /api/rubrics/giangvien/69cab756026550c0e19d57ac 304 - - 92.760 ms
2026-04-18 15:52:35 [INFO ] [HTTP] GET /api/rubrics/giangvien/69cab756026550c0e19d57ac 304 - - 60.739 ms
2026-04-18 15:52:36 [INFO ] [HTTP] GET /api/baocao/giangvien/69cab756026550c0e19d57ac 304 - - 481.442 ms
2026-04-18 15:52:37 [INFO ] [HTTP] GET /api/baocao/giangvien/69cab756026550c0e19d57ac 304 - - 604.311 ms
2026-04-18 16:07:06 [INFO ] [HTTP] GET /api/dangky/sinhvien/69d74acd8ff67276cc1d83fa 304 - - 113.464 ms
2026-04-18 16:07:06 [INFO ] [HTTP] GET /api/dangky/sinhvien/69d74acd8ff67276cc1d83fa 304 - - 108.971 ms
2026-04-18 16:07:06 [INFO ] [HTTP] GET /api/detai 200 12373 - 109.472 ms
2026-04-18 16:07:06 [INFO ] [HTTP] GET /api/sinhvien/69d74acd8ff67276cc1d83fa 304 - - 54.166 ms
2026-04-18 16:07:06 [INFO ] [AI] Calling FastAPI /match-student | topics=9
2026-04-18 16:07:06 [INFO ] [HTTP] GET /api/detai 304 - - 133.778 ms
2026-04-18 16:07:06 [INFO ] [HTTP] GET /api/sinhvien/69d74acd8ff67276cc1d83fa 304 - - 50.967 ms
2026-04-18 16:07:06 [INFO ] [AI] Calling FastAPI /match-student | topics=9
2026-04-18 16:07:08 [INFO ] [HTTP] POST /api/ai/match-student 200 1214 - 1607.688 ms
2026-04-18 16:07:08 [INFO ] [HTTP] POST /api/ai/match-student 200 1214 - 1728.177 ms
2026-04-18 16:07:36 [INFO ] [HTTP] GET /api/sinhvien/69d74acd8ff67276cc1d83fa 304 - - 79.931 ms
2026-04-18 16:07:36 [INFO ] [HTTP] GET /api/sinhvien/69d74acd8ff67276cc1d83fa 304 - - 48.502 ms
2026-04-18 16:07:36 [INFO ] [HTTP] GET /api/detai/invitations/69d74acd8ff67276cc1d83fa 304 - - 47.709 ms
2026-04-18 16:07:36 [INFO ] [HTTP] GET /api/detai/invitations/69d74acd8ff67276cc1d83fa 304 - - 61.831 ms
2026-04-18 16:07:36 [INFO ] [HTTP] GET /api/dangky/sinhvien/69d74acd8ff67276cc1d83fa 304 - - 125.661 ms
2026-04-18 16:07:36 [INFO ] [HTTP] GET /api/diemso/sinhvien/69d74acd8ff67276cc1d83fa 304 - - 59.781 ms
2026-04-18 16:07:36 [INFO ] [HTTP] GET /api/dangky/sinhvien/69d74acd8ff67276cc1d83fa 304 - - 143.624 ms
2026-04-18 16:07:36 [INFO ] [HTTP] GET /api/diemso/sinhvien/69d74acd8ff67276cc1d83fa 304 - - 176.191 ms
2026-04-18 16:08:04 [INFO ] [HTTP] GET /api/detai 200 12373 - 123.394 ms
2026-04-18 16:08:04 [INFO ] [HTTP] GET /api/detai 304 - - 126.532 ms
2026-04-18 16:08:04 [INFO ] [HTTP] GET /api/dangky/giangvien/69cab756026550c0e19d57ac 304 - - 208.400 ms
2026-04-18 16:08:04 [INFO ] [HTTP] GET /api/rubrics/giangvien/69cab756026550c0e19d57ac 304 - - 80.965 ms
2026-04-18 16:08:04 [INFO ] [HTTP] GET /api/dangky/giangvien/69cab756026550c0e19d57ac 304 - - 195.228 ms
2026-04-18 16:08:04 [INFO ] [HTTP] GET /api/rubrics/giangvien/69cab756026550c0e19d57ac 304 - - 64.100 ms
2026-04-18 16:09:32 [INFO ] [HTTP] GET /api/dangky/sinhvien/69d74acd8ff67276cc1d83fa 304 - - 121.808 ms
2026-04-18 16:09:32 [INFO ] [HTTP] GET /api/detai 304 - - 103.654 ms
2026-04-18 16:09:32 [INFO ] [HTTP] GET /api/dangky/sinhvien/69d74acd8ff67276cc1d83fa 304 - - 108.852 ms
2026-04-18 16:09:32 [INFO ] [HTTP] GET /api/sinhvien/69d74acd8ff67276cc1d83fa 304 - - 82.165 ms
2026-04-18 16:09:32 [INFO ] [AI] Calling FastAPI /match-student | topics=9
2026-04-18 16:09:32 [INFO ] [HTTP] GET /api/detai 304 - - 133.523 ms
2026-04-18 16:09:32 [INFO ] [HTTP] GET /api/sinhvien/69d74acd8ff67276cc1d83fa 304 - - 51.666 ms
2026-04-18 16:09:32 [INFO ] [AI] Calling FastAPI /match-student | topics=9
2026-04-18 16:09:33 [INFO ] [HTTP] POST /api/ai/match-student 200 1214 - 601.480 ms
2026-04-18 16:09:33 [INFO ] [HTTP] POST /api/ai/match-student 200 1214 - 612.093 ms
2026-04-18 16:09:42 [INFO ] [HTTP] GET /api/baocao/sinhvien/69d74acd8ff67276cc1d83fa 304 - - 90.201 ms
2026-04-18 16:09:42 [INFO ] [HTTP] GET /api/dangky/sinhvien/69d74acd8ff67276cc1d83fa 304 - - 155.484 ms
2026-04-18 16:09:42 [INFO ] [HTTP] GET /api/baocao/sinhvien/69d74acd8ff67276cc1d83fa 304 - - 72.267 ms
2026-04-18 16:09:42 [INFO ] [HTTP] GET /api/dangky/sinhvien/69d74acd8ff67276cc1d83fa 304 - - 290.219 ms
2026-04-18 16:09:54 [INFO ] [HTTP] GET /api/tiendo/69d74acd8ff67276cc1d83fa 200 1589 - 101.121 ms
2026-04-18 16:09:54 [INFO ] [HTTP] GET /api/dangky/sinhvien/69d74acd8ff67276cc1d83fa 304 - - 107.505 ms
2026-04-18 16:09:54 [INFO ] [HTTP] GET /api/tiendo/69d74acd8ff67276cc1d83fa 304 - - 101.975 ms
2026-04-18 16:09:54 [INFO ] [HTTP] GET /api/dangky/sinhvien/69d74acd8ff67276cc1d83fa 304 - - 115.852 ms
2026-04-18 16:10:10 [INFO ] [HTTP] GET /api/baocao/giangvien/69cab756026550c0e19d57ac 304 - - 293.172 ms
2026-04-18 16:10:10 [INFO ] [HTTP] GET /api/baocao/giangvien/69cab756026550c0e19d57ac 304 - - 299.953 ms
2026-04-18 16:10:14 [INFO ] [HTTP] GET /api/tiendo/69d74acd8ff67276cc1d83fa 304 - - 99.083 ms
2026-04-18 16:10:39 [INFO ] [HTTP] GET /api/rubrics/giangvien/69cab756026550c0e19d57ac 304 - - 194.758 ms
2026-04-18 16:10:39 [INFO ] [HTTP] GET /api/rubrics/giangvien/69cab756026550c0e19d57ac 304 - - 122.521 ms
2026-04-18 16:10:43 [INFO ] [HTTP] GET /api/baocao/sinhvien/69d74acd8ff67276cc1d83fa 304 - - 55.989 ms
2026-04-18 16:10:43 [INFO ] [HTTP] GET /api/dangky/sinhvien/69d74acd8ff67276cc1d83fa 304 - - 107.938 ms
2026-04-18 16:10:43 [INFO ] [HTTP] GET /api/baocao/sinhvien/69d74acd8ff67276cc1d83fa 304 - - 46.806 ms
2026-04-18 16:10:43 [INFO ] [HTTP] GET /api/dangky/sinhvien/69d74acd8ff67276cc1d83fa 304 - - 97.851 ms
2026-04-18 16:11:01 [INFO ] [HTTP] GET /api/tiendo/69d74acd8ff67276cc1d83fa 304 - - 167.169 ms
2026-04-18 16:11:01 [INFO ] [HTTP] GET /api/dangky/sinhvien/69d74acd8ff67276cc1d83fa 304 - - 172.429 ms
2026-04-18 16:11:01 [INFO ] [HTTP] GET /api/tiendo/69d74acd8ff67276cc1d83fa 304 - - 101.275 ms
2026-04-18 16:11:01 [INFO ] [HTTP] GET /api/dangky/sinhvien/69d74acd8ff67276cc1d83fa 304 - - 109.979 ms
2026-04-18 16:11:03 [INFO ] [HTTP] GET /api/dangky/sinhvien/69d74acd8ff67276cc1d83fa 304 - - 164.658 ms
2026-04-18 16:11:03 [INFO ] [HTTP] GET /api/diemso/sinhvien/69d74acd8ff67276cc1d83fa 304 - - 120.221 ms
2026-04-18 16:11:03 [INFO ] [HTTP] GET /api/dangky/sinhvien/69d74acd8ff67276cc1d83fa 304 - - 270.990 ms
2026-04-18 16:11:03 [INFO ] [HTTP] GET /api/baocao/sinhvien/69d74acd8ff67276cc1d83fa 304 - - 142.624 ms
2026-04-18 16:11:03 [INFO ] [HTTP] GET /api/diemso/sinhvien/69d74acd8ff67276cc1d83fa 304 - - 63.050 ms
2026-04-18 16:11:04 [INFO ] [HTTP] GET /api/baocao/sinhvien/69d74acd8ff67276cc1d83fa 304 - - 202.588 ms
2026-04-18 16:11:17 [INFO ] [HTTP] GET /api/baocao/giangvien/69cab756026550c0e19d57ac 304 - - 297.923 ms
2026-04-18 16:11:18 [INFO ] [HTTP] GET /api/baocao/giangvien/69cab756026550c0e19d57ac 304 - - 399.205 ms
2026-04-18 16:11:22 [INFO ] [AI] Report analysis requested | textLength=238
2026-04-18 16:11:22 [INFO ] [AI] Calling FastAPI /analyze-report | textLength=238
2026-04-18 16:11:25 [INFO ] [AI] Response received | score=6.31 | time=3037ms
2026-04-18 16:11:25 [INFO ] [AI] Report analysis completed | score=6.31
2026-04-18 16:11:25 [INFO ] [HTTP] POST /api/ai/analyze-report 200 281 - 3039.457 ms
2026-04-18 16:11:32 [INFO ] [HTTP] GET /api/rubrics/giangvien/69cab756026550c0e19d57ac 304 - - 65.026 ms
2026-04-18 16:11:32 [INFO ] [HTTP] GET /api/rubrics/giangvien/69cab756026550c0e19d57ac 304 - - 113.762 ms
2026-04-18 16:11:33 [INFO ] [HTTP] GET /api/detai 304 - - 99.613 ms
2026-04-18 16:11:33 [INFO ] [HTTP] GET /api/detai 304 - - 148.946 ms
2026-04-18 16:11:33 [INFO ] [HTTP] GET /api/dangky/giangvien/69cab756026550c0e19d57ac 304 - - 202.686 ms
2026-04-18 16:11:33 [INFO ] [HTTP] GET /api/rubrics/giangvien/69cab756026550c0e19d57ac 304 - - 65.484 ms
2026-04-18 16:11:33 [INFO ] [HTTP] GET /api/dangky/giangvien/69cab756026550c0e19d57ac 304 - - 213.329 ms
2026-04-18 16:11:33 [INFO ] [HTTP] GET /api/rubrics/giangvien/69cab756026550c0e19d57ac 304 - - 62.737 ms
2026-04-18 16:11:33 [INFO ] [HTTP] GET /api/baocao/giangvien/69cab756026550c0e19d57ac 304 - - 299.836 ms
2026-04-18 16:11:34 [INFO ] [HTTP] GET /api/baocao/giangvien/69cab756026550c0e19d57ac 304 - - 411.879 ms
2026-04-18 16:11:46 [INFO ] [HTTP] GET /api/baocao/giangvien/69cab756026550c0e19d57ac 304 - - 420.750 ms
2026-04-18 16:11:46 [INFO ] [HTTP] GET /api/baocao/giangvien/69cab756026550c0e19d57ac 304 - - 334.934 ms
2026-04-18 16:11:48 [INFO ] [AI] Report analysis requested | textLength=238
2026-04-18 16:11:48 [INFO ] [AI] Calling FastAPI /analyze-report | textLength=238
2026-04-18 16:11:48 [INFO ] [AI] Response received | score=6.31 | time=622ms
2026-04-18 16:11:48 [INFO ] [AI] Report analysis completed | score=6.31
2026-04-18 16:11:48 [INFO ] [HTTP] POST /api/ai/analyze-report 200 281 - 623.637 ms
2026-04-18 16:12:09 [INFO ] [AI] Report analysis requested | textLength=238
2026-04-18 16:12:09 [INFO ] [AI] Calling FastAPI /analyze-report | textLength=238
2026-04-18 16:12:10 [INFO ] [AI] Response received | score=6.31 | time=552ms
2026-04-18 16:12:10 [INFO ] [AI] Report analysis completed | score=6.31
2026-04-18 16:12:10 [INFO ] [HTTP] POST /api/ai/analyze-report 200 281 - 552.966 ms
2026-04-18 16:12:17 [INFO ] [AI] Report analysis requested | textLength=238
2026-04-18 16:12:17 [INFO ] [AI] Calling FastAPI /analyze-report | textLength=238
2026-04-18 16:12:18 [INFO ] [AI] Response received | score=6.31 | time=658ms
2026-04-18 16:12:18 [INFO ] [AI] Report analysis completed | score=6.31
2026-04-18 16:12:18 [INFO ] [HTTP] POST /api/ai/analyze-report 200 281 - 659.512 ms
2026-04-18 16:12:33 [INFO ] [AI] Report analysis requested | textLength=238
2026-04-18 16:12:33 [INFO ] [AI] Calling FastAPI /analyze-report | textLength=238
2026-04-18 16:12:34 [INFO ] [AI] Response received | score=6.31 | time=550ms
2026-04-18 16:12:34 [INFO ] [AI] Report analysis completed | score=6.31
2026-04-18 16:12:34 [INFO ] [HTTP] POST /api/ai/analyze-report 200 281 - 552.016 ms
2026-04-18 16:12:44 [INFO ] [HTTP] GET /api/baocao/sinhvien/69d74acd8ff67276cc1d83fa 304 - - 54.526 ms
2026-04-18 16:12:44 [INFO ] [HTTP] GET /api/dangky/sinhvien/69d74acd8ff67276cc1d83fa 304 - - 113.996 ms
2026-04-18 16:12:44 [INFO ] [HTTP] GET /api/baocao/sinhvien/69d74acd8ff67276cc1d83fa 304 - - 56.540 ms
2026-04-18 16:12:44 [INFO ] [HTTP] GET /api/dangky/sinhvien/69d74acd8ff67276cc1d83fa 304 - - 97.485 ms
2026-04-18 16:14:32 [INFO ] [HTTP] GET /api/detai 304 - - 139.108 ms
2026-04-18 16:14:32 [INFO ] [HTTP] GET /api/detai 304 - - 125.987 ms
2026-04-18 16:14:32 [INFO ] [HTTP] GET /api/dangky/giangvien/69cab756026550c0e19d57ac 304 - - 190.914 ms
2026-04-18 16:14:32 [INFO ] [HTTP] GET /api/rubrics/giangvien/69cab756026550c0e19d57ac 304 - - 64.189 ms
2026-04-18 16:14:32 [INFO ] [HTTP] GET /api/dangky/giangvien/69cab756026550c0e19d57ac 304 - - 163.708 ms
2026-04-18 16:14:32 [INFO ] [HTTP] GET /api/rubrics/giangvien/69cab756026550c0e19d57ac 304 - - 52.793 ms
2026-04-18 16:14:33 [INFO ] [HTTP] GET /api/baocao/giangvien/69cab756026550c0e19d57ac 304 - - 330.646 ms
2026-04-18 16:14:33 [INFO ] [HTTP] GET /api/baocao/giangvien/69cab756026550c0e19d57ac 304 - - 333.735 ms
2026-04-18 16:14:37 [INFO ] [HTTP] GET /api/detai 304 - - 104.228 ms
2026-04-18 16:14:37 [INFO ] [HTTP] GET /api/detai 304 - - 104.967 ms
2026-04-18 16:14:37 [INFO ] [HTTP] GET /api/dangky/giangvien/69cab756026550c0e19d57ac 304 - - 156.088 ms
2026-04-18 16:14:37 [INFO ] [HTTP] GET /api/rubrics/giangvien/69cab756026550c0e19d57ac 304 - - 49.809 ms
2026-04-18 16:14:38 [INFO ] [HTTP] GET /api/dangky/giangvien/69cab756026550c0e19d57ac 304 - - 160.246 ms
2026-04-18 16:14:38 [INFO ] [HTTP] GET /api/rubrics/giangvien/69cab756026550c0e19d57ac 304 - - 51.024 ms
2026-04-18 16:15:34 [INFO ] [HTTP] GET /api/sinhvien/69d74acd8ff67276cc1d83fa 304 - - 50.494 ms
2026-04-18 16:15:34 [INFO ] [HTTP] GET /api/sinhvien/69d74acd8ff67276cc1d83fa 304 - - 49.833 ms
2026-04-18 16:15:35 [INFO ] [HTTP] GET /api/detai/invitations/69d74acd8ff67276cc1d83fa 304 - - 62.047 ms
2026-04-18 16:15:35 [INFO ] [HTTP] GET /api/detai/invitations/69d74acd8ff67276cc1d83fa 304 - - 53.518 ms
2026-04-18 16:15:35 [INFO ] [HTTP] GET /api/dangky/sinhvien/69d74acd8ff67276cc1d83fa 304 - - 150.783 ms
2026-04-18 16:15:35 [INFO ] [HTTP] GET /api/diemso/sinhvien/69d74acd8ff67276cc1d83fa 304 - - 48.816 ms
2026-04-18 16:15:35 [INFO ] [HTTP] GET /api/dangky/sinhvien/69d74acd8ff67276cc1d83fa 304 - - 120.353 ms
2026-04-18 16:15:35 [INFO ] [HTTP] GET /api/diemso/sinhvien/69d74acd8ff67276cc1d83fa 304 - - 69.952 ms
2026-04-18 16:15:36 [INFO ] [HTTP] GET /api/dangky/sinhvien/69d74acd8ff67276cc1d83fa 304 - - 119.600 ms
2026-04-18 16:15:36 [INFO ] [HTTP] GET /api/dangky/sinhvien/69d74acd8ff67276cc1d83fa 304 - - 98.624 ms
2026-04-18 16:15:36 [INFO ] [HTTP] GET /api/detai 304 - - 98.777 ms
2026-04-18 16:15:36 [INFO ] [HTTP] GET /api/sinhvien/69d74acd8ff67276cc1d83fa 304 - - 49.696 ms
2026-04-18 16:15:36 [INFO ] [AI] Calling FastAPI /match-student | topics=9
2026-04-18 16:15:36 [INFO ] [HTTP] GET /api/detai 304 - - 100.221 ms
2026-04-18 16:15:36 [INFO ] [HTTP] GET /api/sinhvien/69d74acd8ff67276cc1d83fa 304 - - 48.665 ms
2026-04-18 16:15:36 [INFO ] [AI] Calling FastAPI /match-student | topics=9
2026-04-18 16:15:37 [INFO ] [HTTP] GET /api/sinhvien/69d74acd8ff67276cc1d83fa 304 - - 57.377 ms
2026-04-18 16:15:37 [INFO ] [HTTP] GET /api/sinhvien/69d74acd8ff67276cc1d83fa 304 - - 54.815 ms
2026-04-18 16:15:37 [INFO ] [HTTP] GET /api/detai/invitations/69d74acd8ff67276cc1d83fa 304 - - 53.656 ms
2026-04-18 16:15:37 [INFO ] [HTTP] POST /api/ai/match-student 200 1214 - 867.336 ms
2026-04-18 16:15:37 [INFO ] [HTTP] POST /api/ai/match-student 200 1214 - 789.415 ms
2026-04-18 16:15:37 [INFO ] [HTTP] GET /api/detai/invitations/69d74acd8ff67276cc1d83fa 304 - - 50.751 ms
2026-04-18 16:15:37 [INFO ] [HTTP] GET /api/dangky/sinhvien/69d74acd8ff67276cc1d83fa 304 - - 103.777 ms
2026-04-18 16:15:37 [INFO ] [HTTP] GET /api/diemso/sinhvien/69d74acd8ff67276cc1d83fa 304 - - 58.856 ms
2026-04-18 16:15:37 [INFO ] [HTTP] GET /api/dangky/sinhvien/69d74acd8ff67276cc1d83fa 304 - - 159.159 ms
2026-04-18 16:15:37 [INFO ] [HTTP] GET /api/diemso/sinhvien/69d74acd8ff67276cc1d83fa 304 - - 71.223 ms
2026-04-18 16:15:47 [INFO ] [HTTP] GET /api/dangky/sinhvien/69d74acd8ff67276cc1d83fa 304 - - 296.150 ms
2026-04-18 16:15:47 [INFO ] [HTTP] GET /api/detai 304 - - 125.598 ms
2026-04-18 16:15:47 [INFO ] [HTTP] GET /api/sinhvien/69d74acd8ff67276cc1d83fa 304 - - 63.802 ms
2026-04-18 16:15:47 [INFO ] [AI] Calling FastAPI /match-student | topics=9
2026-04-18 16:15:48 [INFO ] [HTTP] GET /api/dangky/sinhvien/69d74acd8ff67276cc1d83fa 304 - - 266.751 ms
2026-04-18 16:15:48 [INFO ] [HTTP] POST /api/ai/match-student 200 1214 - 388.344 ms
2026-04-18 16:15:48 [INFO ] [HTTP] GET /api/detai 304 - - 323.085 ms
2026-04-18 16:15:48 [INFO ] [HTTP] GET /api/sinhvien/69d74acd8ff67276cc1d83fa 304 - - 419.767 ms
2026-04-18 16:15:48 [INFO ] [AI] Calling FastAPI /match-student | topics=9
2026-04-18 16:15:49 [INFO ] [HTTP] POST /api/ai/match-student 200 1214 - 357.214 ms
2026-04-18 16:16:20 [INFO ] [HTTP] GET /api/baocao/sinhvien/69d74acd8ff67276cc1d83fa 304 - - 51.097 ms
2026-04-18 16:16:20 [INFO ] [HTTP] GET /api/dangky/sinhvien/69d74acd8ff67276cc1d83fa 304 - - 106.176 ms
2026-04-18 16:16:20 [INFO ] [HTTP] GET /api/baocao/sinhvien/69d74acd8ff67276cc1d83fa 304 - - 51.143 ms
2026-04-18 16:16:20 [INFO ] [HTTP] GET /api/dangky/sinhvien/69d74acd8ff67276cc1d83fa 304 - - 101.224 ms
2026-04-18 16:16:21 [INFO ] [HTTP] GET /api/dangky/sinhvien/69d74acd8ff67276cc1d83fa 304 - - 109.669 ms
2026-04-18 16:16:21 [INFO ] [HTTP] GET /api/tiendo/69d74acd8ff67276cc1d83fa 304 - - 108.611 ms
2026-04-18 16:16:21 [INFO ] [HTTP] GET /api/dangky/sinhvien/69d74acd8ff67276cc1d83fa 304 - - 98.695 ms
2026-04-18 16:16:21 [INFO ] [HTTP] GET /api/tiendo/69d74acd8ff67276cc1d83fa 304 - - 99.079 ms
2026-04-18 16:16:41 [INFO ] [HTTP] GET /api/rubrics/giangvien/69cab756026550c0e19d57ac 304 - - 47.212 ms
2026-04-18 16:16:41 [INFO ] [HTTP] GET /api/rubrics/giangvien/69cab756026550c0e19d57ac 304 - - 46.375 ms
2026-04-18 16:16:42 [INFO ] [HTTP] GET /api/baocao/giangvien/69cab756026550c0e19d57ac 304 - - 334.753 ms
2026-04-18 16:16:42 [INFO ] [HTTP] GET /api/baocao/giangvien/69cab756026550c0e19d57ac 304 - - 311.828 ms
2026-04-18 16:16:43 [INFO ] [HTTP] GET /api/tiendo/69d74acd8ff67276cc1d83fa 304 - - 102.380 ms
2026-04-18 16:16:52 [INFO ] [HTTP] GET /api/baocao/sinhvien/69d74acd8ff67276cc1d83fa 304 - - 55.507 ms
2026-04-18 16:16:52 [INFO ] [HTTP] GET /api/dangky/sinhvien/69d74acd8ff67276cc1d83fa 304 - - 117.889 ms
2026-04-18 16:16:52 [INFO ] [HTTP] GET /api/baocao/sinhvien/69d74acd8ff67276cc1d83fa 304 - - 64.203 ms
2026-04-18 16:16:52 [INFO ] [HTTP] GET /api/dangky/sinhvien/69d74acd8ff67276cc1d83fa 304 - - 103.415 ms
2026-04-18 16:16:59 [INFO ] [IPFS] Uploading 2500 tá»« vá»±ng IELTS theo chá»§ Äá» - IELTS Fighter.pdf to Pinata...
2026-04-18 16:17:10 [INFO ] [IPFS] Upload success | CID=bafybeid3crwovu2wsvy5epnbelqjzdgqjzlgcqwqvvdwrew26nrk47ttri | file=2500 tá»« vá»±ng IELTS theo chá»§ Äá» - IELTS Fighter.pdf
2026-04-18 16:17:11 [INFO ] [REPORT] Uploaded by student 69d74acd8ff67276cc1d83fa | topic=69d749c58ff67276cc1d839e | CID=bafybeid3crwovu2wsvy5epnbelqjzdgqjzlgcqwqvvdwrew26nrk47ttri | members=1
2026-04-18 16:17:11 [INFO ] [HTTP] POST /api/baocao/upload 201 1433 - 11749.322 ms
2026-04-18 16:17:15 [INFO ] [HTTP] GET /api/dangky/sinhvien/69d74acd8ff67276cc1d83fa 304 - - 110.615 ms
2026-04-18 16:17:15 [INFO ] [HTTP] GET /api/tiendo/69d74acd8ff67276cc1d83fa 304 - - 110.061 ms
2026-04-18 16:17:15 [INFO ] [HTTP] GET /api/tiendo/69d74acd8ff67276cc1d83fa 304 - - 117.222 ms
2026-04-18 16:17:15 [INFO ] [HTTP] GET /api/dangky/sinhvien/69d74acd8ff67276cc1d83fa 304 - - 123.601 ms
2026-04-18 16:17:16 [INFO ] [HTTP] GET /api/dangky/sinhvien/69d74acd8ff67276cc1d83fa 304 - - 103.362 ms
2026-04-18 16:17:16 [INFO ] [HTTP] GET /api/diemso/sinhvien/69d74acd8ff67276cc1d83fa 304 - - 52.666 ms
2026-04-18 16:17:16 [INFO ] [HTTP] GET /api/dangky/sinhvien/69d74acd8ff67276cc1d83fa 304 - - 120.770 ms
2026-04-18 16:17:16 [INFO ] [HTTP] GET /api/baocao/sinhvien/69d74acd8ff67276cc1d83fa 200 1052 - 103.562 ms
2026-04-18 16:17:16 [INFO ] [HTTP] GET /api/diemso/sinhvien/69d74acd8ff67276cc1d83fa 304 - - 52.344 ms
2026-04-18 16:17:16 [INFO ] [AI] Report analysis requested | textLength=75
2026-04-18 16:17:16 [INFO ] [AI] Calling FastAPI /analyze-report | textLength=75
2026-04-18 16:17:16 [INFO ] [HTTP] GET /api/baocao/sinhvien/69d74acd8ff67276cc1d83fa 304 - - 106.226 ms
2026-04-18 16:17:16 [INFO ] [AI] Report analysis requested | textLength=75
2026-04-18 16:17:16 [INFO ] [AI] Calling FastAPI /analyze-report | textLength=75
2026-04-18 16:17:17 [INFO ] [AI] Response received | score=4.1 | time=679ms
2026-04-18 16:17:17 [INFO ] [AI] Report analysis completed | score=4.1
2026-04-18 16:17:17 [INFO ] [HTTP] POST /api/ai/analyze-report 200 441 - 684.114 ms
2026-04-18 16:17:17 [INFO ] [AI] Response received | score=4.1 | time=699ms
2026-04-18 16:17:17 [INFO ] [AI] Report analysis completed | score=4.1
2026-04-18 16:17:17 [INFO ] [HTTP] POST /api/ai/analyze-report 200 441 - 717.535 ms
2026-04-18 16:17:45 [INFO ] [HTTP] GET /api/rubrics/giangvien/69cab756026550c0e19d57ac 304 - - 48.280 ms
2026-04-18 16:17:45 [INFO ] [HTTP] GET /api/rubrics/giangvien/69cab756026550c0e19d57ac 304 - - 48.978 ms
2026-04-18 16:17:46 [INFO ] [HTTP] GET /api/baocao/giangvien/69cab756026550c0e19d57ac 200 8151 - 337.948 ms
2026-04-18 16:17:46 [INFO ] [HTTP] GET /api/baocao/giangvien/69cab756026550c0e19d57ac 304 - - 322.447 ms
2026-04-18 16:17:52 [INFO ] [AI] Report analysis requested | textLength=82
2026-04-18 16:17:52 [INFO ] [AI] Calling FastAPI /analyze-report | textLength=82
2026-04-18 16:17:52 [INFO ] [AI] Response received | score=6.11 | time=551ms
2026-04-18 16:17:52 [INFO ] [AI] Report analysis completed | score=6.11
2026-04-18 16:17:52 [INFO ] [HTTP] POST /api/ai/analyze-report 200 281 - 556.614 ms
2026-04-18 16:18:08 [INFO ] [BLOCKCHAIN] finalizeGrade | student=69d74acd8ff67276cc1d83fa | topic=69d749c58ff67276cc1d839e | grade=6.51 | idx=0
2026-04-18 16:18:09 [INFO ] [BLOCKCHAIN] Topic 69d749c58ff67276cc1d839e not on-chain, auto-registering...
2026-04-18 16:18:50 [INFO ] [BLOCKCHAIN] Topic 69d749c58ff67276cc1d839e auto-registered on-chain
2026-04-18 16:18:51 [INFO ] [BLOCKCHAIN] Submission not on-chain for student=69d74acd8ff67276cc1d83fa, auto-submitting...
2026-04-18 16:19:01 [INFO ] [HTTP] GET /api/dangky/sinhvien/69d74acd8ff67276cc1d83fa 304 - - 97.516 ms
2026-04-18 16:19:01 [INFO ] [HTTP] GET /api/tiendo/69d74acd8ff67276cc1d83fa 304 - - 99.849 ms
2026-04-18 16:19:01 [INFO ] [HTTP] GET /api/dangky/sinhvien/69d74acd8ff67276cc1d83fa 304 - - 108.697 ms
2026-04-18 16:19:01 [INFO ] [HTTP] GET /api/tiendo/69d74acd8ff67276cc1d83fa 304 - - 111.034 ms
2026-04-18 16:19:02 [INFO ] [BLOCKCHAIN] Report auto-submitted on-chain | cid=bafybeid3crwovu2wsvy5epnbelqjzdgqjzlgcqwqvvdwrew26nrk47ttri
2026-04-18 16:19:03 [INFO ] [HTTP] GET /api/dangky/sinhvien/69d74acd8ff67276cc1d83fa 304 - - 105.979 ms
2026-04-18 16:19:03 [INFO ] [HTTP] GET /api/baocao/sinhvien/69d74acd8ff67276cc1d83fa 304 - - 106.379 ms
2026-04-18 16:19:03 [INFO ] [HTTP] GET /api/diemso/sinhvien/69d74acd8ff67276cc1d83fa 304 - - 52.978 ms
2026-04-18 16:19:03 [INFO ] [HTTP] GET /api/dangky/sinhvien/69d74acd8ff67276cc1d83fa 304 - - 106.724 ms
2026-04-18 16:19:03 [INFO ] [HTTP] GET /api/baocao/sinhvien/69d74acd8ff67276cc1d83fa 304 - - 108.246 ms
2026-04-18 16:19:03 [INFO ] [HTTP] GET /api/diemso/sinhvien/69d74acd8ff67276cc1d83fa 304 - - 53.645 ms
2026-04-18 16:19:04 [INFO ] [HTTP] GET /api/dangky/sinhvien/69d74acd8ff67276cc1d83fa 304 - - 101.745 ms
2026-04-18 16:19:04 [INFO ] [HTTP] GET /api/dangky/sinhvien/69d74acd8ff67276cc1d83fa 304 - - 101.467 ms
2026-04-18 16:19:04 [INFO ] [HTTP] GET /api/detai 304 - - 104.917 ms
2026-04-18 16:19:04 [INFO ] [HTTP] GET /api/sinhvien/69d74acd8ff67276cc1d83fa 304 - - 52.119 ms
2026-04-18 16:19:04 [INFO ] [AI] Calling FastAPI /match-student | topics=9
2026-04-18 16:19:04 [INFO ] [HTTP] GET /api/detai 304 - - 110.312 ms
2026-04-18 16:19:04 [INFO ] [HTTP] GET /api/sinhvien/69d74acd8ff67276cc1d83fa 304 - - 52.756 ms
2026-04-18 16:19:04 [INFO ] [AI] Calling FastAPI /match-student | topics=9
2026-04-18 16:19:05 [INFO ] [HTTP] POST /api/ai/match-student 200 1214 - 1190.891 ms
2026-04-18 16:19:05 [INFO ] [HTTP] POST /api/ai/match-student 200 1214 - 1115.418 ms
2026-04-18 16:19:13 [INFO ] [BLOCKCHAIN] finalizeGrade success | student=69d74acd8ff67276cc1d83fa | grade=6.51 | txHash=0x5f91133359448da1ae80bfedddb2842160d2cb3f8f32ff42cd80504e20563068
2026-04-18 16:19:13 [INFO ] [GRADE] Student 69d74acd8ff67276cc1d83fa graded 6.51/10 for topic 69d749c58ff67276cc1d839e | AI: 6.11 | txHash: 0x5f91133359448da1ae80bfedddb2842160d2cb3f8f32ff42cd80504e20563068
2026-04-18 16:19:13 [INFO ] [HTTP] POST /api/diemso 201 677 - 65476.182 ms
2026-04-18 16:19:49 [INFO ] [AI] Report analysis requested | textLength=82
2026-04-18 16:19:49 [INFO ] [AI] Calling FastAPI /analyze-report | textLength=82
2026-04-18 16:19:49 [INFO ] [AI] Response received | score=6.11 | time=325ms
2026-04-18 16:19:49 [INFO ] [AI] Report analysis completed | score=6.11
2026-04-18 16:19:49 [INFO ] [HTTP] POST /api/ai/analyze-report 200 281 - 327.525 ms
2026-04-18 16:19:55 [INFO ] [HTTP] GET /api/rubrics/giangvien/69cab756026550c0e19d57ac 304 - - 50.581 ms
2026-04-18 16:19:55 [INFO ] [HTTP] GET /api/rubrics/giangvien/69cab756026550c0e19d57ac 304 - - 49.007 ms
2026-04-18 16:20:04 [INFO ] [HTTP] GET /api/detai 304 - - 141.766 ms
2026-04-18 16:20:04 [INFO ] [HTTP] GET /api/detai 304 - - 147.219 ms
2026-04-18 16:20:04 [INFO ] [HTTP] GET /api/dangky/giangvien/69cab756026550c0e19d57ac 304 - - 218.632 ms
2026-04-18 16:20:05 [INFO ] [HTTP] GET /api/rubrics/giangvien/69cab756026550c0e19d57ac 304 - - 234.433 ms
2026-04-18 16:20:05 [INFO ] [HTTP] GET /api/dangky/giangvien/69cab756026550c0e19d57ac 304 - - 515.557 ms
2026-04-18 16:20:05 [INFO ] [HTTP] GET /api/rubrics/giangvien/69cab756026550c0e19d57ac 304 - - 77.223 ms
2026-04-18 16:20:17 [INFO ] [HTTP] GET /api/dangky/sinhvien/69d74acd8ff67276cc1d83fa 304 - - 103.646 ms
2026-04-18 16:20:18 [INFO ] [HTTP] GET /api/dangky/sinhvien/69d74acd8ff67276cc1d83fa 304 - - 102.720 ms
2026-04-18 16:20:18 [INFO ] [HTTP] GET /api/diemso/sinhvien/69d74acd8ff67276cc1d83fa 200 1717 - 113.924 ms
2026-04-18 16:20:18 [INFO ] [HTTP] GET /api/baocao/sinhvien/69d74acd8ff67276cc1d83fa 304 - - 101.838 ms
2026-04-18 16:20:18 [INFO ] [HTTP] GET /api/diemso/sinhvien/69d74acd8ff67276cc1d83fa 304 - - 110.767 ms
2026-04-18 16:20:18 [INFO ] [AI] Report analysis requested | textLength=75
2026-04-18 16:20:18 [INFO ] [AI] Calling FastAPI /analyze-report | textLength=75
2026-04-18 16:20:18 [INFO ] [HTTP] GET /api/baocao/sinhvien/69d74acd8ff67276cc1d83fa 304 - - 110.474 ms
2026-04-18 16:20:18 [INFO ] [AI] Report analysis requested | textLength=75
2026-04-18 16:20:18 [INFO ] [AI] Calling FastAPI /analyze-report | textLength=75
2026-04-18 16:20:18 [INFO ] [AI] Response received | score=4.1 | time=651ms
2026-04-18 16:20:18 [INFO ] [AI] Report analysis completed | score=4.1
2026-04-18 16:20:18 [INFO ] [HTTP] POST /api/ai/analyze-report 200 441 - 654.054 ms
2026-04-18 16:20:19 [INFO ] [AI] Response received | score=4.1 | time=770ms
2026-04-18 16:20:19 [INFO ] [AI] Report analysis completed | score=4.1
2026-04-18 16:20:19 [INFO ] [HTTP] POST /api/ai/analyze-report 200 441 - 772.496 ms
2026-04-18 16:20:35 [INFO ] [HTTP] GET /api/baocao/giangvien/69cab756026550c0e19d57ac 200 8776 - 311.116 ms
2026-04-18 16:20:35 [INFO ] [HTTP] GET /api/baocao/giangvien/69cab756026550c0e19d57ac 304 - - 407.604 ms
2026-04-18 16:20:43 [INFO ] [AI] Report analysis requested | textLength=82
2026-04-18 16:20:43 [INFO ] [AI] Calling FastAPI /analyze-report | textLength=82
2026-04-18 16:20:43 [INFO ] [AI] Response received | score=6.11 | time=278ms
2026-04-18 16:20:43 [INFO ] [AI] Report analysis completed | score=6.11
2026-04-18 16:20:43 [INFO ] [HTTP] POST /api/ai/analyze-report 200 281 - 280.363 ms
2026-05-04 13:16:27 [INFO ] [SERVER] Web3 Giảng Viên API running on port 5000
2026-05-04 13:16:28 [INFO ] [DB] MongoDB Connected: cluster0-shard-00-01.2sa07.mongodb.net
2026-05-04 13:19:24 [INFO ] [HTTP] GET /api/baocao/giangvien/69cab756026550c0e19d57ac 200 8776 - 526.325 ms
2026-05-04 13:19:24 [INFO ] [HTTP] GET /api/baocao/giangvien/69cab756026550c0e19d57ac 304 - - 425.072 ms
2026-05-04 13:21:52 [INFO ] [GRADE] Comparison for GV 69cab756026550c0e19d57ac | total=2 | avgDiff=0.7
2026-05-04 13:21:52 [INFO ] [HTTP] GET /api/diemso/comparison/69cab756026550c0e19d57ac 200 1530 - 244.306 ms
2026-05-04 13:21:53 [INFO ] [GRADE] Comparison for GV 69cab756026550c0e19d57ac | total=2 | avgDiff=0.7
2026-05-04 13:21:53 [INFO ] [HTTP] GET /api/diemso/comparison/69cab756026550c0e19d57ac 304 - - 238.137 ms
2026-05-04 13:28:11 [INFO ] [GRADE] Comparison for GV 69cab756026550c0e19d57ac | total=2 | avgDiff=0.7
2026-05-04 13:28:11 [INFO ] [HTTP] GET /api/diemso/comparison/69cab756026550c0e19d57ac 304 - - 264.243 ms
2026-05-04 13:30:15 [INFO ] [SERVER] Web3 Giảng Viên API running on port 5000
2026-05-04 13:30:16 [INFO ] [DB] MongoDB Connected: cluster0-shard-00-01.2sa07.mongodb.net
2026-05-04 13:30:23 [INFO ] [SERVER] Web3 Giảng Viên API running on port 5000
2026-05-04 13:30:24 [INFO ] [DB] MongoDB Connected: cluster0-shard-00-02.2sa07.mongodb.net
2026-05-04 13:36:12 [INFO ] [SERVER] Web3 Giảng Viên API running on port 5000
2026-05-04 13:36:13 [INFO ] [DB] MongoDB Connected: cluster0-shard-00-01.2sa07.mongodb.net
2026-05-04 13:40:10 [INFO ] [SERVER] Web3 Giảng Viên API running on port 5000
2026-05-04 13:40:11 [INFO ] [DB] MongoDB Connected: cluster0-shard-00-00.2sa07.mongodb.net
2026-05-04 13:40:51 [INFO ] [SERVER] Web3 Giảng Viên API running on port 5000
2026-05-04 13:40:52 [INFO ] [DB] MongoDB Connected: cluster0-shard-00-02.2sa07.mongodb.net
2026-05-04 13:41:42 [INFO ] [SERVER] Web3 Giảng Viên API running on port 5000
2026-05-04 13:41:43 [INFO ] [DB] MongoDB Connected: cluster0-shard-00-01.2sa07.mongodb.net
2026-05-04 13:42:05 [INFO ] [SERVER] Web3 Giảng Viên API running on port 5000
2026-05-04 13:42:06 [INFO ] [DB] MongoDB Connected: cluster0-shard-00-00.2sa07.mongodb.net
2026-05-04 13:43:19 [INFO ] [SERVER] Web3 Giảng Viên API running on port 5000
2026-05-04 13:43:20 [INFO ] [DB] MongoDB Connected: cluster0-shard-00-01.2sa07.mongodb.net
2026-05-04 13:44:29 [INFO ] [SERVER] Web3 Giảng Viên API running on port 5000
2026-05-04 13:44:30 [INFO ] [DB] MongoDB Connected: cluster0-shard-00-01.2sa07.mongodb.net
2026-05-04 13:50:31 [INFO ] [SERVER] Web3 Giảng Viên API running on port 5000
2026-05-04 13:50:32 [INFO ] [DB] MongoDB Connected: cluster0-shard-00-00.2sa07.mongodb.net
2026-05-04 13:50:44 [INFO ] [SERVER] Web3 Giảng Viên API running on port 5000
2026-05-04 13:50:44 [INFO ] [DB] MongoDB Connected: cluster0-shard-00-02.2sa07.mongodb.net
2026-05-04 13:50:59 [INFO ] [SERVER] Web3 Giảng Viên API running on port 5000
2026-05-04 13:51:00 [INFO ] [DB] MongoDB Connected: cluster0-shard-00-01.2sa07.mongodb.net
2026-05-04 13:51:07 [INFO ] [SERVER] Web3 Giảng Viên API running on port 5000
2026-05-04 13:51:08 [INFO ] [DB] MongoDB Connected: cluster0-shard-00-02.2sa07.mongodb.net
2026-05-04 13:51:59 [INFO ] [SERVER] Web3 Giảng Viên API running on port 5000
2026-05-04 13:52:00 [INFO ] [DB] MongoDB Connected: cluster0-shard-00-00.2sa07.mongodb.net
2026-05-04 13:52:37 [INFO ] [SERVER] Web3 Giảng Viên API running on port 5000
2026-05-04 13:52:38 [INFO ] [DB] MongoDB Connected: cluster0-shard-00-00.2sa07.mongodb.net
2026-05-04 13:58:12 [INFO ] [GRADE] Comparison for GV 69cab756026550c0e19d57ac | total=2 | avgDiff=0.7
2026-05-04 13:58:12 [INFO ] [HTTP] GET /api/diemso/comparison/69cab756026550c0e19d57ac 304 - - 231.713 ms
2026-05-04 14:01:51 [INFO ] [SERVER] Web3 Giảng Viên API running on port 5000
2026-05-04 14:01:52 [INFO ] [DB] MongoDB Connected: cluster0-shard-00-00.2sa07.mongodb.net
2026-05-04 14:07:27 [INFO ] [SERVER] Web3 Giảng Viên API running on port 5000
2026-05-04 14:07:28 [INFO ] [DB] MongoDB Connected: cluster0-shard-00-01.2sa07.mongodb.net
2026-05-04 14:12:07 [INFO ] [HTTP] GET /api/baocao/giangvien/69cab756026550c0e19d57ac 200 8924 - 1334.090 ms
2026-05-04 14:12:08 [INFO ] [HTTP] GET /api/baocao/giangvien/69cab756026550c0e19d57ac 304 - - 801.196 ms
2026-05-04 14:12:14 [INFO ] [HTTP] GET /api/detai 200 12535 - 197.371 ms
2026-05-04 14:12:14 [INFO ] [HTTP] GET /api/detai 304 - - 179.280 ms
2026-05-04 14:12:15 [INFO ] [HTTP] GET /api/dangky/giangvien/69cab756026550c0e19d57ac 200 4083 - 331.952 ms
2026-05-04 14:12:15 [INFO ] [HTTP] GET /api/rubrics/giangvien/69cab756026550c0e19d57ac 200 2 - 97.548 ms
2026-05-04 14:12:15 [INFO ] [HTTP] GET /api/dangky/giangvien/69cab756026550c0e19d57ac 304 - - 305.478 ms
2026-05-04 14:12:15 [INFO ] [HTTP] GET /api/rubrics/giangvien/69cab756026550c0e19d57ac 304 - - 84.258 ms
2026-05-04 14:12:35 [INFO ] [HTTP] GET /api/detai 304 - - 187.449 ms
2026-05-04 14:12:35 [INFO ] [HTTP] GET /api/baitest/detai/69cb4d1214b17e0b748479a9 404 52 - 79.705 ms
2026-05-04 14:12:35 [INFO ] [HTTP] GET /api/detai 304 - - 184.085 ms
2026-05-04 14:12:35 [INFO ] [HTTP] GET /api/baitest/detai/69cb4d1214b17e0b748479a9 404 52 - 90.737 ms
2026-05-04 14:13:37 [INFO ] [HTTP] GET /api/detai 304 - - 664.697 ms
2026-05-04 14:13:38 [INFO ] [HTTP] GET /api/detai 304 - - 514.100 ms
2026-05-04 14:13:38 [INFO ] [HTTP] GET /api/dangky/giangvien/69cab756026550c0e19d57ac 304 - - 888.638 ms
2026-05-04 14:13:38 [INFO ] [HTTP] GET /api/rubrics/giangvien/69cab756026550c0e19d57ac 304 - - 208.947 ms
2026-05-04 14:13:39 [INFO ] [HTTP] GET /api/dangky/giangvien/69cab756026550c0e19d57ac 304 - - 571.961 ms
2026-05-04 14:13:39 [INFO ] [HTTP] GET /api/rubrics/giangvien/69cab756026550c0e19d57ac 304 - - 347.942 ms
2026-05-04 14:15:49 [INFO ] [HTTP] GET /api/detai 304 - - 741.299 ms
2026-05-04 14:15:49 [INFO ] [HTTP] GET /api/baitest/detai/69cb4d1214b17e0b748479a9 404 52 - 106.913 ms
2026-05-04 14:15:49 [INFO ] [HTTP] GET /api/detai 304 - - 255.599 ms
2026-05-04 14:15:49 [INFO ] [HTTP] GET /api/baitest/detai/69cb4d1214b17e0b748479a9 404 52 - 462.815 ms
2026-05-04 14:16:31 [INFO ] [HTTP] GET /api/detai 304 - - 637.714 ms
2026-05-04 14:16:31 [INFO ] [HTTP] GET /api/baitest/detai/69cb4d1214b17e0b748479a9 404 52 - 215.719 ms
2026-05-04 14:16:31 [INFO ] [HTTP] GET /api/detai 304 - - 365.756 ms
2026-05-04 14:16:31 [INFO ] [HTTP] GET /api/baitest/detai/69cb4d1214b17e0b748479a9 404 52 - 343.430 ms
2026-05-04 14:17:32 [INFO ] [HTTP] GET /api/detai 304 - - 394.717 ms
2026-05-04 14:17:32 [INFO ] [HTTP] GET /api/detai 304 - - 255.741 ms
2026-05-04 14:17:32 [INFO ] [HTTP] GET /api/dangky/giangvien/69cab756026550c0e19d57ac 304 - - 433.986 ms
2026-05-04 14:17:33 [INFO ] [HTTP] GET /api/rubrics/giangvien/69cab756026550c0e19d57ac 304 - - 274.268 ms
2026-05-04 14:17:33 [INFO ] [HTTP] GET /api/dangky/giangvien/69cab756026550c0e19d57ac 304 - - 478.503 ms
2026-05-04 14:17:35 [INFO ] [HTTP] GET /api/rubrics/giangvien/69cab756026550c0e19d57ac 304 - - 134.737 ms
2026-05-04 14:17:55 [INFO ] [HTTP] GET /api/detai 304 - - 340.856 ms
2026-05-04 14:17:55 [INFO ] [HTTP] GET /api/dangky/giangvien/69cab756026550c0e19d57ac 304 - - 501.481 ms
2026-05-04 14:17:56 [INFO ] [HTTP] GET /api/rubrics/giangvien/69cab756026550c0e19d57ac 304 - - 132.850 ms
2026-05-04 14:19:11 [INFO ] [HTTP] GET /api/rubrics/giangvien/69cab756026550c0e19d57ac 304 - - 371.648 ms
2026-05-04 14:19:11 [INFO ] [HTTP] GET /api/rubrics/giangvien/69cab756026550c0e19d57ac 304 - - 206.980 ms
2026-05-04 14:19:14 [INFO ] [HTTP] GET /api/detai 304 - - 912.854 ms
2026-05-04 14:19:15 [INFO ] [HTTP] GET /api/detai 304 - - 534.414 ms
2026-05-04 14:19:15 [INFO ] [HTTP] GET /api/dangky/giangvien/69cab756026550c0e19d57ac 304 - - 926.787 ms
2026-05-04 14:19:15 [INFO ] [HTTP] GET /api/rubrics/giangvien/69cab756026550c0e19d57ac 304 - - 252.979 ms
2026-05-04 14:19:16 [INFO ] [HTTP] GET /api/dangky/giangvien/69cab756026550c0e19d57ac 304 - - 648.215 ms
2026-05-04 14:19:16 [INFO ] [HTTP] GET /api/rubrics/giangvien/69cab756026550c0e19d57ac 304 - - 172.056 ms
2026-05-04 14:20:25 [INFO ] [HTTP] GET /api/detai 200 12535 - 278.192 ms
2026-05-04 14:20:26 [INFO ] [HTTP] GET /api/dangky/giangvien/69cab756026550c0e19d57ac 200 4083 - 279.183 ms
2026-05-04 14:20:26 [INFO ] [HTTP] GET /api/rubrics/giangvien/69cab756026550c0e19d57ac 200 2 - 77.912 ms
2026-05-04 14:20:54 [INFO ] [HTTP] GET /api/detai 304 - - 209.311 ms
2026-05-04 14:20:55 [INFO ] [HTTP] GET /api/detai 304 - - 437.675 ms
2026-05-04 14:20:55 [INFO ] [HTTP] GET /api/dangky/giangvien/69cab756026550c0e19d57ac 304 - - 337.088 ms
2026-05-04 14:20:55 [INFO ] [HTTP] GET /api/rubrics/giangvien/69cab756026550c0e19d57ac 304 - - 131.634 ms
2026-05-04 14:20:55 [INFO ] [HTTP] GET /api/dangky/giangvien/69cab756026550c0e19d57ac 304 - - 369.617 ms
2026-05-04 14:20:55 [INFO ] [HTTP] GET /api/rubrics/giangvien/69cab756026550c0e19d57ac 304 - - 124.109 ms
2026-05-04 14:21:31 [INFO ] [HTTP] GET /api/detai 304 - - 172.317 ms
2026-05-04 14:21:32 [INFO ] [HTTP] GET /api/dangky/giangvien/69cab756026550c0e19d57ac 304 - - 282.442 ms
2026-05-04 14:21:32 [INFO ] [HTTP] GET /api/rubrics/giangvien/69cab756026550c0e19d57ac 304 - - 79.329 ms
2026-05-04 14:21:40 [INFO ] [HTTP] GET /api/detai 304 - - 209.190 ms
2026-05-04 14:21:40 [INFO ] [HTTP] GET /api/detai 304 - - 178.298 ms
2026-05-04 14:21:42 [INFO ] [HTTP] GET /api/dangky/giangvien/69cab756026550c0e19d57ac 304 - - 287.965 ms
2026-05-04 14:21:42 [INFO ] [HTTP] GET /api/dangky/giangvien/69cab756026550c0e19d57ac 304 - - 257.105 ms
2026-05-04 14:21:42 [INFO ] [HTTP] GET /api/rubrics/giangvien/69cab756026550c0e19d57ac 304 - - 87.480 ms
2026-05-04 14:21:42 [INFO ] [HTTP] GET /api/rubrics/giangvien/69cab756026550c0e19d57ac 304 - - 78.154 ms
2026-05-04 14:21:56 [INFO ] [HTTP] GET /api/detai 304 - - 168.319 ms
2026-05-04 14:21:56 [INFO ] [HTTP] GET /api/baitest/detai/69cb4d1314b17e0b748479aa 404 52 - 84.029 ms
2026-05-04 14:21:56 [INFO ] [HTTP] GET /api/detai 304 - - 164.041 ms
2026-05-04 14:21:56 [INFO ] [HTTP] GET /api/baitest/detai/69cb4d1314b17e0b748479aa 404 52 - 179.699 ms
2026-05-04 14:22:00 [INFO ] [HTTP] GET /api/detai 304 - - 154.461 ms
2026-05-04 14:22:00 [INFO ] [HTTP] GET /api/detai 304 - - 173.074 ms
2026-05-04 14:22:00 [INFO ] [HTTP] GET /api/dangky/giangvien/69cab756026550c0e19d57ac 304 - - 233.296 ms
2026-05-04 14:22:01 [INFO ] [HTTP] GET /api/rubrics/giangvien/69cab756026550c0e19d57ac 304 - - 68.285 ms
2026-05-04 14:22:01 [INFO ] [HTTP] GET /api/dangky/giangvien/69cab756026550c0e19d57ac 304 - - 293.326 ms
2026-05-04 14:22:01 [INFO ] [HTTP] GET /api/rubrics/giangvien/69cab756026550c0e19d57ac 304 - - 81.740 ms
2026-05-04 14:22:04 [INFO ] [HTTP] GET /api/detai 304 - - 238.983 ms
2026-05-04 14:22:04 [INFO ] [HTTP] GET /api/baitest/detai/69cb5c216667583412c63e30 404 52 - 81.116 ms
2026-05-04 14:22:04 [INFO ] [HTTP] GET /api/detai 304 - - 232.269 ms
2026-05-04 14:22:04 [INFO ] [HTTP] GET /api/baitest/detai/69cb5c216667583412c63e30 404 52 - 280.951 ms
2026-05-04 14:22:07 [INFO ] [HTTP] GET /api/detai 304 - - 650.945 ms
2026-05-04 14:22:07 [INFO ] [HTTP] GET /api/detai 304 - - 317.198 ms
2026-05-04 14:22:07 [INFO ] [HTTP] GET /api/dangky/giangvien/69cab756026550c0e19d57ac 304 - - 443.816 ms
2026-05-04 14:22:08 [INFO ] [HTTP] GET /api/rubrics/giangvien/69cab756026550c0e19d57ac 304 - - 128.625 ms
2026-05-04 14:22:08 [INFO ] [HTTP] GET /api/dangky/giangvien/69cab756026550c0e19d57ac 304 - - 372.655 ms
2026-05-04 14:22:08 [INFO ] [HTTP] GET /api/rubrics/giangvien/69cab756026550c0e19d57ac 304 - - 76.175 ms
2026-05-04 14:22:11 [INFO ] [HTTP] GET /api/detai 304 - - 312.110 ms
2026-05-04 14:22:11 [INFO ] [HTTP] GET /api/baitest/detai/69d749c58ff67276cc1d839e 404 52 - 141.355 ms
2026-05-04 14:22:11 [INFO ] [HTTP] GET /api/detai 304 - - 323.838 ms
2026-05-04 14:22:12 [INFO ] [HTTP] GET /api/baitest/detai/69d749c58ff67276cc1d839e 404 52 - 85.434 ms
2026-05-04 14:22:14 [INFO ] [HTTP] GET /api/detai 304 - - 209.397 ms
2026-05-04 14:22:15 [INFO ] [HTTP] GET /api/detai 304 - - 290.375 ms
2026-05-04 14:22:15 [INFO ] [HTTP] GET /api/dangky/giangvien/69cab756026550c0e19d57ac 304 - - 452.076 ms
2026-05-04 14:22:15 [INFO ] [HTTP] GET /api/rubrics/giangvien/69cab756026550c0e19d57ac 304 - - 93.551 ms
2026-05-04 14:22:15 [INFO ] [HTTP] GET /api/dangky/giangvien/69cab756026550c0e19d57ac 304 - - 335.291 ms
2026-05-04 14:22:15 [INFO ] [HTTP] GET /api/rubrics/giangvien/69cab756026550c0e19d57ac 304 - - 158.538 ms
2026-05-04 14:23:12 [INFO ] [HTTP] GET /api/detai 304 - - 282.193 ms
2026-05-04 14:23:13 [INFO ] [HTTP] GET /api/dangky/giangvien/69cab756026550c0e19d57ac 304 - - 821.665 ms
2026-05-04 14:23:13 [INFO ] [HTTP] GET /api/rubrics/giangvien/69cab756026550c0e19d57ac 304 - - 83.701 ms
2026-05-04 14:32:07 [INFO ] [HTTP] GET /api/detai 304 - - 144.798 ms
2026-05-04 14:32:07 [INFO ] [HTTP] GET /api/dangky/giangvien/69cab756026550c0e19d57ac 304 - - 211.816 ms
2026-05-04 14:32:07 [INFO ] [HTTP] GET /api/rubrics/giangvien/69cab756026550c0e19d57ac 304 - - 69.993 ms
2026-05-04 14:32:27 [INFO ] [HTTP] GET /api/detai 304 - - 147.402 ms
2026-05-04 14:32:27 [INFO ] [HTTP] GET /api/dangky/giangvien/69cab756026550c0e19d57ac 304 - - 226.456 ms
2026-05-04 14:32:27 [INFO ] [HTTP] GET /api/rubrics/giangvien/69cab756026550c0e19d57ac 304 - - 68.731 ms
2026-05-04 14:34:16 [INFO ] [HTTP] GET /api/detai 304 - - 158.630 ms
2026-05-04 14:34:17 [INFO ] [HTTP] GET /api/dangky/giangvien/69cab756026550c0e19d57ac 304 - - 235.734 ms
2026-05-04 14:34:17 [INFO ] [HTTP] GET /api/rubrics/giangvien/69cab756026550c0e19d57ac 304 - - 73.112 ms
2026-05-04 14:37:49 [INFO ] [TOPIC] Created "Đề tài test ngày 4/5/2026" by GV 69cab756026550c0e19d57ac | Rubrics: true
2026-05-04 14:37:49 [INFO ] [HTTP] POST /api/detai 201 809 - 164.195 ms
2026-05-04 14:37:50 [INFO ] [HTTP] GET /api/detai 200 13603 - 273.459 ms
2026-05-04 14:37:50 [INFO ] [HTTP] GET /api/dangky/giangvien/69cab756026550c0e19d57ac 304 - - 408.331 ms
2026-05-04 14:37:50 [INFO ] [HTTP] GET /api/rubrics/giangvien/69cab756026550c0e19d57ac 304 - - 95.854 ms
2026-05-04 14:39:07 [INFO ] [HTTP] GET /api/detai 304 - - 158.893 ms
2026-05-04 14:39:07 [INFO ] [HTTP] GET /api/dangky/giangvien/69cab756026550c0e19d57ac 304 - - 215.739 ms
2026-05-04 14:39:08 [INFO ] [HTTP] GET /api/rubrics/giangvien/69cab756026550c0e19d57ac 304 - - 71.073 ms
2026-05-04 14:39:37 [INFO ] [HTTP] GET /api/detai 304 - - 145.749 ms
2026-05-04 14:39:37 [INFO ] [HTTP] GET /api/detai 304 - - 153.859 ms
2026-05-04 14:39:37 [INFO ] [HTTP] GET /api/dangky/giangvien/69cab756026550c0e19d57ac 304 - - 223.330 ms
2026-05-04 14:39:38 [INFO ] [HTTP] GET /api/rubrics/giangvien/69cab756026550c0e19d57ac 304 - - 69.502 ms
2026-05-04 14:39:38 [INFO ] [HTTP] GET /api/dangky/giangvien/69cab756026550c0e19d57ac 304 - - 228.434 ms
2026-05-04 14:39:38 [INFO ] [HTTP] GET /api/rubrics/giangvien/69cab756026550c0e19d57ac 304 - - 75.328 ms
2026-05-04 14:39:53 [INFO ] [HTTP] GET /api/detai 304 - - 164.061 ms
2026-05-04 14:39:53 [INFO ] [HTTP] GET /api/dangky/giangvien/69cab756026550c0e19d57ac 304 - - 233.744 ms
2026-05-04 14:39:53 [INFO ] [HTTP] GET /api/rubrics/giangvien/69cab756026550c0e19d57ac 304 - - 79.530 ms
2026-05-04 14:44:28 [INFO ] [HTTP] GET /api/detai 304 - - 163.722 ms
2026-05-04 14:44:28 [INFO ] [HTTP] GET /api/dangky/giangvien/69cab756026550c0e19d57ac 304 - - 236.516 ms
2026-05-04 14:44:28 [INFO ] [HTTP] GET /api/rubrics/giangvien/69cab756026550c0e19d57ac 304 - - 76.986 ms
2026-05-04 14:45:31 [INFO ] [HTTP] PUT /api/detai/69f84ccd126a57d526a59d72 200 809 - 106.218 ms
2026-05-04 14:45:31 [INFO ] [HTTP] GET /api/detai 200 13603 - 164.070 ms
2026-05-04 14:45:31 [INFO ] [HTTP] GET /api/dangky/giangvien/69cab756026550c0e19d57ac 304 - - 236.930 ms
2026-05-04 14:45:31 [INFO ] [HTTP] GET /api/rubrics/giangvien/69cab756026550c0e19d57ac 304 - - 78.543 ms
2026-05-04 14:45:40 [INFO ] [HTTP] PUT /api/detai/69f84ccd126a57d526a59d72 200 807 - 84.957 ms
2026-05-04 14:45:40 [INFO ] [HTTP] GET /api/detai 200 13601 - 165.921 ms
2026-05-04 14:45:40 [INFO ] [HTTP] GET /api/dangky/giangvien/69cab756026550c0e19d57ac 304 - - 237.864 ms
2026-05-04 14:45:40 [INFO ] [HTTP] GET /api/rubrics/giangvien/69cab756026550c0e19d57ac 304 - - 75.545 ms
2026-05-04 14:47:47 [INFO ] [HTTP] PUT /api/detai/69f84ccd126a57d526a59d72 200 807 - 92.496 ms
2026-05-04 14:47:48 [INFO ] [HTTP] GET /api/detai 200 13601 - 160.040 ms
2026-05-04 14:47:48 [INFO ] [HTTP] GET /api/dangky/giangvien/69cab756026550c0e19d57ac 304 - - 238.460 ms
2026-05-04 14:47:48 [INFO ] [HTTP] GET /api/rubrics/giangvien/69cab756026550c0e19d57ac 304 - - 76.450 ms
