[*] Đọc collection: C:\Users\Lenovo\Downloads\FileTaiLieuHK8\DoAnKySu\Web3-GiangVien\Document\Day13-06-2026\..\Day03-06-2026\PhoBERT_100Cases_Collection.json
[*] Tổng số test cases: 100
  [  1/100] Ca 1 - 1-nghien-cuu-li-luan-ve-he-thong-quan-li-hoc-tap-truc-tuyen-...... score= 6.00 | True Positive (TP)   |   11471ms
  [  2/100] Ca 2 - 2-do-an-2-he-thong-diem-danh-nhan-dien-khuon-mat-voi-rfid.pd...... score= 7.89 | True Positive (TP)   |   11697ms
  [  3/100] Ca 3 - 3-do-an-mon-nhap-mon-ung-dung-di-dong-quan-ly-chi-tieu-ca-nh...... score= 7.67 | True Positive (TP)   |    9620ms
  [  4/100] Ca 4 - 4-khoa-luan-tot-nghiep-xay-dung-phan-mem-quan-ly-nhan-su-sua...... score= 8.96 | True Positive (TP)   |    8832ms
  [  5/100] Ca 5 - 5-de-tai-nhap-mon-khoa-hoc-du-lieu-2024-phan-tich-du-lieu-ma...... score= 5.00 | False Negative (FN)  |    6180ms
  [  6/100] Ca 6 - 6-tong-hop-de-tai-khoa-luan-tot-nghiep-ve-an-toan-thong-tin-...... score= 5.35 | True Positive (TP)   |   10019ms
  [  7/100] Ca 7 - 7-luan-van-tot-nghiep-he-thong-giam-sat-nha-kinh-thong-minh-...... score= 7.52 | True Positive (TP)   |   11321ms
  [  8/100] Ca 8 - 8-do-an-tot-nghiep-k63-nghien-cuu-kien-truc-microservice-voi...... score= 7.49 | True Positive (TP)   |   11580ms
  [  9/100] Ca 9 - 9-bao-cao-chuyen-de-lap-trinh-blockchain-he-thong-dau-gia-we...... score= 9.00 | True Positive (TP)   |   14012ms
  [ 10/100] Ca 10 - 10-ap-dung-ai-trong-du-doan-gia-co-phieu-hpg-k23ktb-2022-202..... score= 6.95 | True Positive (TP)   |   12517ms
  [ 11/100] Ca 11 - 11-xay-dung-ung-dung-di-dong-doc-sach-de-tai-d17ht.pdf... (MIS... score= 7.67 | False Positive (FP)  |   10998ms
  [ 12/100] Ca 12 - 12-tieu-luan-big-data-va-ung-dung-trong-phan-tich-hanh-vi-ng..... score= 7.64 | False Positive (FP)  |   11414ms
  [ 13/100] Ca 13 - 13-tieu-luan-mon-khoa-hoc-du-lieu-hop-dong-thong-minh-ethere..... score= 6.33 | False Positive (FP)  |   11345ms
  [ 14/100] Ca 14 - 14-do-an-cuoi-ky-mon-thuong-mai-dien-tu-website-ban-my-pham-..... score= 7.44 | False Positive (FP)  |    8658ms
  [ 15/100] Ca 15 - 15-k44-khoa-luan-tot-nghiep-ke-toan-doanh-thu-va-chi-phi-tai..... score= 8.66 | False Positive (FP)  |   12595ms
  [ 16/100] Ca 16 - 16-do-an-tot-nghiep-nhan-dang-bien-so-xe-nghien-cuu-he-thong..... score= 9.00 | False Positive (FP)  |   11871ms
  [ 17/100] Ca 17 - 17-khoa-luan-tot-nghiep-thiet-ke-va-xay-dung-game-2d-1121091..... score= 8.92 | False Positive (FP)  |   11491ms
  [ 18/100] Ca 18 - 18-de-tai-nen-tang-dat-va-giao-do-an-truc-tuyen-food-deliver..... score= 6.33 | False Positive (FP)  |    9951ms
  [ 19/100] Ca 19 - 19-dinh-huong-va-dieu-khien-robot-di-dong-tren-co-so-gps-va-..... score= 5.00 | True Negative (TN)   |   14552ms
  [ 20/100] Ca 20 - 10-du-doan-gia-co-phieu-bang-machine-learning-va-deep-learni..... score= 6.33 | False Positive (FP)  |    8733ms
  [ 21/100] Ca 21 - 1-nghien-cuu-ve-phan-loai-viem-phoi-trong-hinh-anh-x-quang-n..... score= 8.00 | True Positive (TP)   |   10773ms
  [ 22/100] Ca 22 - 2-nghien-cuu-ve-phan-loai-viem-phoi-trong-hinh-anh-x-quang-n..... score= 8.00 | True Positive (TP)   |   13357ms
  [ 23/100] Ca 23 - 3-de-tai-bai-tap-lon-khai-pha-du-lieu-web-phan-tich-cam-xuc...... score= 7.72 | True Positive (TP)   |   11946ms
  [ 24/100] Ca 24 - 4-do-an-iii-ung-dung-he-thong-goi-y-trong-thuong-mai-dien-tu..... score= 8.91 | True Positive (TP)   |   12361ms
  [ 25/100] Ca 25 - 5-do-an-iii-ung-dung-he-thong-goi-y-trong-thuong-mai-dien-tu..... score= 7.62 | True Positive (TP)   |    6826ms
  [ 26/100] Ca 26 - 6-danh-gia-hieu-nang-he-thong-ai-chuyen-van-ban-thanh-giong-..... score= 8.97 | True Positive (TP)   |   11926ms
  [ 27/100] Ca 27 - 7-do-an-cuoi-ky-tong-quan-ve-du-doan-luu-luong-giao-thong-th..... score= 5.00 | True Negative (TN)   |   11314ms
  [ 28/100] Ca 28 - 8-do-an-tot-nghiep-ky-su-cntt-nhan-dang-sau-benh-cay-san-tre..... score= 7.97 | True Positive (TP)   |   12528ms
  [ 29/100] Ca 29 - 9-do-an-tot-nghiep-phat-trien-he-thong-tom-tat-van-ban-tu-do..... score= 7.97 | True Positive (TP)   |   13699ms
  [ 30/100] Ca 30 - 10-tieu-luan-nghien-cuu-khoa-hoc-ung-dung-mo-hinh-transforme..... score= 8.91 | True Positive (TP)   |   11379ms
  [ 31/100] Ca 31 - 11-de-cuong-khoa-luan-tot-nghiep-xay-dung-website-quan-ly-ch..... score= 8.00 | True Positive (TP)   |   12381ms
  [ 32/100] Ca 32 - 12-nghien-cuu-ung-dung-smart-contract-trong-giao-dich-dex-ta..... score= 8.00 | True Positive (TP)   |   12616ms
  [ 33/100] Ca 33 - 13-thuc-tap-tot-nghiep-xay-dung-website-gay-quy-cong-dong-tr..... score= 7.94 | True Positive (TP)   |   12476ms
  [ 34/100] Ca 34 - 14-nhan-thuc-ve-ung-dung-blockchain-trong-quan-ly-chuoi-cung..... score= 6.33 | False Positive (FP)  |   11851ms
  [ 35/100] Ca 35 - 15-do-an-tot-nghiep-ct050119-ung-dung-vi-dien-tu-quan-ly-tai..... score= 7.89 | True Positive (TP)   |   13634ms
  [ 36/100] Ca 36 - 16-bai-tap-nhom-1-tiem-nang-phat-trien-nft-tai-viet-nam-elc3..... score= 9.00 | False Positive (FP)  |   12811ms
  [ 37/100] Ca 37 - 17-tieu-luan-phat-trien-ung-dung-iot-cho-bai-do-xe-thong-min..... score= 7.91 | True Positive (TP)   |   13041ms
  [ 38/100] Ca 38 - 18-bao-cao-bai-tap-lon-mon-iot-he-thong-thung-rac-tu-dong-su..... score= 8.00 | True Positive (TP)   |   14585ms
  [ 39/100] Ca 39 - 19-he-thong-aiot-quan-trac-va-du-bao-chat-luong-khong-khi-th..... score= 7.00 | True Positive (TP)   |   11412ms
  [ 40/100] Ca 40 - 20-do-an-tot-nghiep-thiet-ke-he-thong-nha-thong-minh-dieu-kh..... score= 7.00 | True Positive (TP)   |   11242ms
  [ 41/100] Ca 41 - 21-mgt496-n4-tieu-luan-nhom-vong-tay-du-bao-dong-kinh-cap-cu..... score= 9.00 | False Positive (FP)  |   12559ms
  [ 42/100] Ca 42 - 22-de-tai-tieu-luan-mon-y-tuong-khoi-nghiep-ung-dung-gia-su-..... score= 7.67 | False Positive (FP)  |   11562ms
  [ 43/100] Ca 43 - 23-do-an-tot-nghiep-xay-dung-website-chia-se-cong-thuc-nau-a..... score= 9.00 | True Positive (TP)   |   15968ms
  [ 44/100] Ca 44 - 24-do-an-quan-ly-phong-kham-da-khoa-22dthqb03.pdf... (MATCH)... score= 9.00 | True Positive (TP)   |   11571ms
  [ 45/100] Ca 45 - 25-bai-tap-nhom-nghien-cuu-thi-truong-phan-mem-quan-ly-kho-w..... score= 6.33 | False Positive (FP)  |   12542ms
  [ 46/100] Ca 46 - 26-do-an-mon-hoc-lap-trinh-thiet-bi-di-dong-ung-dung-hoc-tie..... score= 8.00 | True Positive (TP)   |   12058ms
  [ 47/100] Ca 47 - 27-bao-cao-quan-tri-du-an-cntt-he-thong-thu-vien-dien-tu.pdf..... score= 7.62 | False Positive (FP)  |   14038ms
  [ 48/100] Ca 48 - 28-nghien-cuu-ve-giam-sat-thi-truc-tuyen-tac-dong-den-quyen-..... score= 5.00 | True Negative (TN)   |   15941ms
  [ 49/100] Ca 49 - 29-bao-cao-du-an-to-chuc-su-kien-nho-nhom-sinh-vien.pdf... (MI... score= 7.61 | False Positive (FP)  |   12072ms
  [ 50/100] Ca 50 - 30-tieu-luan-nhom-31-nghien-cuu-cicd-cho-trien-khai-dich-vu-..... score= 8.00 | True Positive (TP)   |   10597ms
  [ 51/100] Ca 51 - 31-bao-cao-thuc-tap-doanh-nghiep-giam-sat-he-thong-bang-prom..... score= 7.97 | True Positive (TP)   |   15140ms
  [ 52/100] Ca 52 - 32-bao-cao-tieu-luan-mon-dien-toan-dam-may-nhom-16-ung-dung-..... score= 7.93 | True Positive (TP)   |   16426ms
  [ 53/100] Ca 53 - 33-do-an-tot-nghiep-k63-nghien-cuu-kien-truc-microservice-vo..... score= 7.49 | True Positive (TP)   |   12052ms
  [ 54/100] Ca 54 - 34-de-tai-do-an-tot-nghiep-he-thong-phat-hien-xam-nhap-mang-..... score= 8.00 | True Positive (TP)   |    6364ms
  [ 55/100] Ca 55 - 35-btl-n3-tim-hieu-10-lo-hong-owasp-cho-bai-tap-lon-co-so-an..... score= 8.00 | True Positive (TP)   |   10875ms
  [ 56/100] Ca 56 - 36-bao-cao-chuyen-de-co-so-ve-phat-hien-ma-doc-dua-tren-sieu..... score= 6.80 | True Positive (TP)   |   13392ms
  [ 57/100] Ca 57 - 37-do-an-tot-nghiep-he-thong-nhan-dien-va-dem-phuong-tien-gi..... score= 8.00 | True Positive (TP)   |    9453ms
  [ 58/100] Ca 58 - 38-bao-cao-cuoi-ky-impr432446-nhan-dien-cu-chi-tay-va-ung-du..... score= 8.90 | True Positive (TP)   |   13430ms
  [ 59/100] Ca 59 - 39-thiet-ke-game-rpg-2d-bang-unity-tieu-luan-mon-lap-trinh-g..... score= 9.00 | True Positive (TP)   |   11804ms
  [ 60/100] Ca 60 - 40-khoa-luan-tot-nghiep-thiet-ke-va-xay-dung-game-2d-1121091..... score= 8.92 | True Positive (TP)   |   11636ms
  [ 61/100] Ca 61 - 41-nghien-cuu-du-doan-khach-hang-roi-bo-dich-vu-vien-thong-k..... score= 7.67 | True Positive (TP)   |   11821ms
  [ 62/100] Ca 62 - 42-bao-cao-de-tai-nghien-cuu-phat-hien-tin-gia-fake-news-det..... score= 8.90 | True Positive (TP)   |   12696ms
  [ 63/100] Ca 63 - 43-bao-cao-do-an-i-phan-loai-dong-tac-tap-gym-su-dung-mediap..... score= 9.00 | True Positive (TP)   |   12591ms
  [ 64/100] Ca 64 - 44-b2012144-xay-dung-website-thuong-mai-dien-tu-tich-hop-ai-..... score= 9.00 | True Positive (TP)   |   12313ms
  [ 65/100] Ca 65 - 45-crm-ht-bai-toan-phan-nhom-khach-hang-tai-sieu-thi-coopext..... score= 5.00 | True Negative (TN)   |   22271ms
  [ 66/100] Ca 66 - 46-de-tai-xay-dung-he-thong-tro-ly-ao-tu-van-phap-luat-viet-..... score= 8.98 | True Positive (TP)   |   14359ms
  [ 67/100] Ca 67 - 47-bao-cao-do-an-thiet-ke-mo-hinh-cnn-nhan-dien-tai-xe-ngu-g..... score= 8.97 | True Positive (TP)   |   12510ms
  [ 68/100] Ca 68 - 48-tieu-luan-giua-ky-243to3501-phan-tich-chuoi-thoi-gian-du-..... score= 7.85 | False Positive (FP)  |   12028ms
  [ 69/100] Ca 69 - 49-bao-cao-bai-tap-lon-mo-hinh-dich-may-anh-viet-cse703014.p..... score= 8.00 | True Positive (TP)   |   12288ms
  [ 70/100] Ca 70 - 50-tieu-luan-dat723-241-1-d-ung-dung-hop-dong-thong-minh-tro..... score= 7.64 | False Positive (FP)  |   11883ms
  [ 71/100] Ca 71 - 51-do-an-tot-nghiep-xay-dung-mang-xa-hoi-chia-se-kien-thuc-s..... score= 8.76 | True Positive (TP)   |   14666ms
  [ 72/100] Ca 72 - 52-bao-cao-nckh-ung-dung-blockchain-trong-luu-tru-benh-an-di..... score= 7.00 | True Positive (TP)   |   11311ms
  [ 73/100] Ca 73 - 53-quan-ly-du-an-phat-trien-he-thong-nghe-nhac-truc-tuyen-mo..... score= 6.21 | False Positive (FP)  |   12119ms
  [ 74/100] Ca 74 - 54-de-tai-do-an-nt547-nghien-cuu-va-phat-trien-blockchain.pd..... score= 6.91 | True Positive (TP)   |   12837ms
  [ 75/100] Ca 75 - 55-khoa-luan-tot-nghiep-thiet-ke-he-thong-tuoi-tu-dong-trong..... score= 7.00 | True Positive (TP)   |   13085ms
  [ 76/100] Ca 76 - 56-do-an-tot-nghiep-he-thong-khoa-cua-thong-minh-ung-dung-ai..... score= 7.00 | True Positive (TP)   |   13096ms
  [ 77/100] Ca 77 - 57-do-an-tot-nghiep-thiet-ke-he-thong-giam-sat-nhip-tim-va-o..... score= 6.89 | True Positive (TP)   |   19068ms
  [ 78/100] Ca 78 - 58-19375691-final-exam-mang-cam-bien-khong-day-ung-dung.pdf...... score= 7.94 | False Positive (FP)  |   17226ms
  [ 79/100] Ca 79 - 59-tong-quan-ve-iot-trong-logistics-truong-dh-giao-thong-van..... score= 6.30 | False Positive (FP)  |   10709ms
  [ 80/100] Ca 80 - 60-nghien-cuu-he-thong-chieu-sang-thong-minh-tiet-kiem-nang-..... score= 7.64 | False Positive (FP)  |   12754ms
  [ 81/100] Ca 81 - 61-nghien-cuu-thiet-bi-da-nang-ho-tro-nguoi-khiem-thi-144897..... score= 6.33 | False Positive (FP)  |    7751ms
  [ 82/100] Ca 82 - 62-bao-cao-do-an-mon-phan-mem-quan-ly-gara-o-to-22521595.pdf..... score= 8.97 | True Positive (TP)   |   13865ms
  [ 83/100] Ca 83 - 63-khoa-luan-tot-nghiep-nang-cao-hieu-qua-su-dung-lao-dong-6..... score= 6.33 | False Positive (FP)  |   15843ms
  [ 84/100] Ca 84 - 64-bao-cao-do-an-csdl-21-he-thong-quan-ly-dat-tiec-cuoi-nha-..... score= 7.63 | False Positive (FP)  |   13374ms
  [ 85/100] Ca 85 - 65-do-an-1-quan-ly-tour-du-lich-bai-luan-chi-tiet-nghien-cuu..... score= 9.00 | False Positive (FP)  |   12051ms
  [ 86/100] Ca 86 - 66-du-an-kinh-doanh-quan-ao-secondhand-tai-thu-duc-lap-du-an..... score= 8.97 | False Positive (FP)  |   11674ms
  [ 87/100] Ca 87 - 67-do-an-cs-4-xay-dung-ung-dung-tro-choi-co-vua.pdf... (MATCH)... score= 7.96 | True Positive (TP)   |    9484ms
  [ 88/100] Ca 88 - 68-do-an-cs353-phan-tich-thiet-ke-he-thong-quan-ly-nha-tro.p..... score= 7.56 | True Positive (TP)   |   12074ms
  [ 89/100] Ca 89 - 69-do-an-nhom-he-thong-quan-ly-thanh-vien-phong-gym-tich-hop..... score= 6.26 | False Positive (FP)  |   12105ms
  [ 90/100] Ca 90 - 70-ke-hoach-phuc-hoi-sau-tham-hoa-drp-cho-he-thong-thong-tin..... score= 6.33 | False Positive (FP)  |   11580ms
  [ 91/100] Ca 91 - 71-do-an-tot-nghiep-xay-dung-nen-tang-data-lakehouse-cho-tin..... score= 9.00 | True Positive (TP)   |   20689ms
  [ 92/100] Ca 92 - 72-do-an-mon-hoc-22it-nghien-cuu-mo-hinh-private-cloud-voi-o..... score= 8.94 | False Positive (FP)  |   12281ms
  [ 93/100] Ca 93 - 73-nt533q13-do-an-mon-hoc-trien-khai-cicd-pipeline-va-iac.pd..... score= 6.29 | False Positive (FP)  |   11645ms
  [ 94/100] Ca 94 - 74-do-an-ca-nhan-mon-mang-may-tinh-tim-hieu-ve-ky-thuat-giau..... score= 7.52 | False Positive (FP)  |   12540ms
  [ 95/100] Ca 95 - 75-nghien-cuu-ky-thuat-honeypot-xay-dung-he-thong-bay-tan-co..... score= 9.00 | True Positive (TP)   |   12338ms
  [ 96/100] Ca 96 - 76-he-thong-chat-bao-mat-ma-hoa-khoa-luan-tot-nghiep-2025.pd..... score= 6.33 | False Positive (FP)  |   19090ms
  [ 97/100] Ca 97 - 77-bao-cao-nhap-mon-ky-nang-mem-he-thong-danh-gia-do-manh-ma..... score= 8.94 | False Positive (FP)  |   12108ms
  [ 98/100] Ca 98 - 78-giai-phap-nang-cao-hieu-qua-day-hoc-cau-truc-tuan-tu-tron..... score= 6.33 | False Positive (FP)  |    8897ms
  [ 99/100] Ca 99 - 79-htttql-nhom-4-tieu-luan-cuoi-ky-ve-ung-dung-vr-va-ar-tai-..... score= 7.67 | False Positive (FP)  |   12549ms
  [100/100] Ca 100 - 80-do-an-tot-nghiep-nghien-cuu-cong-nghe-thuc-te-ao-va-ung-d.... score= 7.67 | False Positive (FP)  |   14029ms

[*] Ghi kết quả CSV: C:\Users\Lenovo\Downloads\FileTaiLieuHK8\DoAnKySu\Web3-GiangVien\Document\Day13-06-2026\PhoBERT_100Cases_Results_NEW.csv
Traceback (most recent call last):
  File "C:\Users\Lenovo\Downloads\FileTaiLieuHK8\DoAnKySu\Web3-GiangVien\Document\Day13-06-2026\run_100cases_test.py", line 136, in <module>
    with open(CSV_OUT, "w", newline="", encoding="utf-8-sig") as f:
         ~~~~^^^^^^^^^^^^^^^^^^^^^^^^^^^^^^^^^^^^^^^^^^^^^^^^
PermissionError: [Errno 13] Permission denied: 'C:\\Users\\Lenovo\\Downloads\\FileTaiLieuHK8\\DoAnKySu\\Web3-GiangVien\\Document\\Day13-06-2026\\PhoBERT_100Cases_Results_NEW.csv'
